21:09:00 T:1555213824   DEBUG: Parsed rss feed: http://feeds.xbmc.org/latest_xbmc_addons
21:09:00 T:1555213824   DEBUG: CurlFile::Open(0x62e8ddb8) http://feeds.xbmc.org/updated_xbmc_addons
21:09:00 T:1555213824   DEBUG: Got rss feed: http://feeds.xbmc.org/updated_xbmc_addons
21:09:00 T:1555213824   DEBUG: RSS feed encoding: UTF-8
21:09:00 T:1555213824   DEBUG: Parsed rss feed: http://feeds.xbmc.org/updated_xbmc_addons
21:09:00 T:1555213824   DEBUG: Thread RSSReader 1555213824 terminating
21:09:11 T:1553537176  NOTICE: Thread Timer start, auto delete: false
21:09:11 T:1553537176   DEBUG: Thread Timer 1553537176 terminating
21:09:19 T:1555850424  NOTICE: Thread Timer start, auto delete: false
21:09:19 T:1555850424   DEBUG: Thread Timer 1555850424 terminating
21:09:31 T:1506940664    INFO: void XCURL::DllLibCurlGlobal::CheckIdle() - Closing session to http://feeds.xbmc.org (easy=0x5ce0dd40, multi=0x5c9269f8)
21:09:33 T:1560462032  NOTICE: Thread Timer start, auto delete: false
21:09:33 T:1560462032   DEBUG: Thread Timer 1560462032 terminating
21:09:37 T:1560462032  NOTICE: Thread Timer start, auto delete: false
21:09:37 T:1560462032   DEBUG: Thread Timer 1560462032 terminating
21:09:41 T:1555850424  NOTICE: Thread Timer start, auto delete: false
21:09:41 T:1555850424   DEBUG: Thread Timer 1555850424 terminating
21:09:51 T:1559136288   DEBUG: AIRPLAY Server: New connection detected
21:09:51 T:1559136288    INFO: AIRPLAY Server: New connection added
21:09:51 T:1559136288   ERROR: void CThread::Action() - thread AirPlayServer, Unhandled exception caught in thread process, aborting. auto delete: 0
21:09:51 T:1559136288   DEBUG: Thread AirPlayServer 1559136288 terminating
21:10:04 T:1558782312  NOTICE: Thread Timer start, auto delete: false
21:10:04 T:1558782312   DEBUG: Thread Timer 1558782312 terminating
21:10:08 T:1558824744  NOTICE: Thread Timer start, auto delete: false
21:10:08 T:1558824744   DEBUG: Thread Timer 1558824744 terminating
21:10:21 T:1561106656  NOTICE: Thread Timer start, auto delete: false
21:10:21 T:1561106656   DEBUG: Thread Timer 1561106656 terminating
21:10:32 T:1558782312  NOTICE: Thread Timer start, auto delete: false
21:10:32 T:1558782312   DEBUG: Thread Timer 1558782312 terminating
21:11:01 T:1555850424  NOTICE: Thread Timer start, auto delete: false
21:11:01 T:1555850424   DEBUG: Thread Timer 1555850424 terminating
21:11:27 T:1559136288  NOTICE: Thread Timer start, auto delete: false
21:11:27 T:1559136288   DEBUG: Thread Timer 1559136288 terminating
21:11:30 T:1558048344  NOTICE: Thread Timer start, auto delete: false
21:11:30 T:1558048344   DEBUG: Thread Timer 1558048344 terminating
21:11:44 T:1555850424  NOTICE: Thread Timer start, auto delete: false
21:11:44 T:1555850424   DEBUG: Thread Timer 1555850424 terminating
21:12:32 T:1506940664   DEBUG: Loading settings for pipe://3/
21:12:32 T:1506940664   DEBUG: CPlayerCoreFactory::GetPlayers(pipe://3/)
21:12:32 T:1506940664   DEBUG: CPlayerSelectionRule::GetPlayers: considering rule: system rules
21:12:32 T:1506940664   DEBUG: CPlayerSelectionRule::GetPlayers: matches rule: system rules
21:12:32 T:1506940664   DEBUG: CPlayerSelectionRule::GetPlayers: considering rule: rtv
21:12:32 T:1506940664   DEBUG: CPlayerSelectionRule::GetPlayers: considering rule: hdhomerun/myth/mms/udp
21:12:32 T:1506940664   DEBUG: CPlayerSelectionRule::GetPlayers: considering rule: lastfm/shout
21:12:32 T:1506940664   DEBUG: CPlayerSelectionRule::GetPlayers: considering rule: rtmp
21:12:32 T:1506940664   DEBUG: CPlayerSelectionRule::GetPlayers: considering rule: rtsp
21:12:32 T:1506940664   DEBUG: CPlayerSelectionRule::GetPlayers: considering rule: streams
21:12:32 T:1506940664   DEBUG: CPlayerSelectionRule::GetPlayers: considering rule: dvd
21:12:32 T:1506940664   DEBUG: CPlayerSelectionRule::GetPlayers: considering rule: dvdimage
21:12:32 T:1506940664   DEBUG: CPlayerSelectionRule::GetPlayers: considering rule: sdp/asf
21:12:32 T:1506940664   DEBUG: CPlayerSelectionRule::GetPlayers: considering rule: nsv
21:12:32 T:1506940664   DEBUG: CPlayerSelectionRule::GetPlayers: considering rule: radio
21:12:32 T:1506940664   DEBUG: CPlayerCoreFactory::GetPlayers: matched 0 rules with players
21:12:32 T:1506940664   DEBUG: CPlayerCoreFactory::GetPlayers: adding audiodefaultplayer (3)
21:12:32 T:1506940664   DEBUG: CPlayerCoreFactory::GetPlayers: for video=0, audio=1
21:12:32 T:1506940664   DEBUG: CPlayerCoreFactory::GetPlayers: adding player: PAPlayer (3)
21:12:32 T:1506940664   DEBUG: CPlayerCoreFactory::GetPlayers: for video=1, audio=1
21:12:32 T:1506940664   DEBUG: CPlayerCoreFactory::GetPlayers: adding player: DVDPlayer (1)
21:12:32 T:1506940664   DEBUG: CPlayerCoreFactory::GetPlayers: adding player: [TV][LG]55LA6200-UA (4)
21:12:32 T:1506940664   DEBUG: CPlayerCoreFactory::GetPlayers: adding player: XBMC (localhost) (5)
21:12:32 T:1506940664   DEBUG: CPlayerCoreFactory::GetPlayers: added 4 players
21:12:32 T:1506940664   DEBUG: FactoryCodec - Audio: passthrough - Opening
21:12:32 T:1506940664   DEBUG: FactoryCodec - Audio: passthrough - Failed
21:12:32 T:1506940664   DEBUG: FactoryCodec - Audio: FFmpeg - Opening
21:12:32 T:1506940664   DEBUG: FactoryCodec - Audio: FFmpeg - Opened
21:12:32 T:1558045376   DEBUG: CAnnouncementManager - Announcement: OnVolumeChanged from xbmc
21:12:32 T:1558045376   DEBUG: GOT ANNOUNCEMENT, type: 64, from xbmc, message OnVolumeChanged
21:12:32 T:1506940664    INFO: CDVDAudioCodecFFmpeg::GetChannelMap - FFmpeg reported 2 channels, but the layout contains 0 ignoring
21:12:33 T:1506940664    INFO: AudioDecoder: File is queued
21:12:33 T:1506940664   DEBUG: AudioDecoder::GetReplayGain - Final Replaygain applied: 1.000000, Track/Album Gain 89.000000, Peak 0.000000
21:12:34 T:1508510344   DEBUG: CActiveAE::ClearDiscardedBuffers - buffer pool deleted
21:12:34 T:1506940664    INFO: PAPlayer::PrepareStream - Ready
21:12:34 T:1506940664   DEBUG: PlayBackRet CApplication::PlayFile(const CFileItem&, bool) : OpenFile succeed, play state 1
21:12:34 T:1555895448  NOTICE: Thread PAPlayer start, auto delete: false
21:12:34 T:1555895448   DEBUG: PAPlayer::Process - Playback started
21:12:34 T:1508512544    INFO: CActiveAESink::OpenSink - initialize sink
21:12:34 T:1508512544   DEBUG: CActiveAESink::OpenSink - trying to open device AUDIOTRACK:AudioTrack
21:12:34 T:1508512544   DEBUG: CActiveAESink::OpenSink - AUDIOTRACK Initialized:
21:12:34 T:1508512544   DEBUG:   Output Device : android
21:12:34 T:1508512544   DEBUG:   Sample Rate   : 48000
21:12:34 T:1508512544   DEBUG:   Sample Format : AE_FMT_S16NE
21:12:34 T:1508512544   DEBUG:   Channel Count : 2
21:12:34 T:1508512544   DEBUG:   Channel Layout: FL,FR
21:12:34 T:1508512544   DEBUG:   Frames        : 2048
21:12:34 T:1508512544   DEBUG:   Frame Samples : 4096
21:12:34 T:1508512544   DEBUG:   Frame Size    : 4
21:12:34 T:1506940664   DEBUG: ADDON: Dll Initializing - OpenGL Spectrum
21:12:34 T:1555895448   DEBUG: virtual void CApplication::OnPlayBackStarted() : play state was 1, starting 0
21:12:34 T:1506940664   DEBUG: Calling TransferSettings for: OpenGL Spectrum
21:12:34 T:1506940664   DEBUG: Visualisation::Start()
21:12:34 T:1508510344   DEBUG: OnInitialize() started
21:12:34 T:1508510344   DEBUG: OnInitialize() done
21:12:34 T:1506940664   DEBUG: CGUIInfoManager::SetCurrentSong(pipe://3/)
21:12:34 T:1506940664   DEBUG: virtual bool CFileItem::LoadMusicTag(): loading tag information for file: pipe://3/
21:12:34 T:1506940664   DEBUG: Loading additional tag info for file pipe://3/
21:12:34 T:1506940664   DEBUG: CAnnouncementManager - Announcement: OnPlay from xbmc
21:12:34 T:1506940664   DEBUG: GOT ANNOUNCEMENT, type: 1, from xbmc, message OnPlay
21:12:34 T:1506940664   DEBUG: UPnP: Building didl for object 'pipe://3/'
21:12:34 T:1558958376  NOTICE: Thread JobWorker start, auto delete: true
21:12:34 T:1558958376   DEBUG: CRecentlyAddedJob::UpdateMusic() - Running RecentlyAdded home screen update
21:12:34 T:1558958376   DEBUG: GetRecentlyAddedAlbumSongs() query: SELECT songview.* FROM (SELECT idAlbum FROM albumview ORDER BY idAlbum DESC LIMIT 10) AS recentalbums JOIN songview ON songview.idAlbum=recentalbums.idAlbum
21:12:34 T:1558958376   DEBUG: bool CMusicDatabase::GetRecentlyAddedAlbums(VECALBUMS&, unsigned int) query: select * from albumview where strAlbum != '' order by idAlbum desc limit 10
21:12:34 T:1558958376   DEBUG: CRecentlyAddedJob::UpdateVideos() - Running RecentlyAdded home screen update
21:12:34 T:1558958376   DEBUG: int CVideoDatabase::RunQuery(const CStdString&) took 4 ms for 0 items query: select * from movieview  ORDER BY dateAdded desc, idMovie desc LIMIT 10
21:12:34 T:1558958376   DEBUG: int CVideoDatabase::RunQuery(const CStdString&) took 2 ms for 0 items query: select * from episodeview  ORDER BY dateAdded desc, idEpisode desc LIMIT 10
21:12:34 T:1558958376   DEBUG: int CVideoDatabase::RunQuery(const CStdString&) took 2 ms for 0 items query: select * from musicvideoview  ORDER BY dateAdded desc, idMVideo desc LIMIT 10
21:12:34 T:1558958376   DEBUG: CRecentlyAddedJob::UpdateTotal() - Running RecentlyAdded home screen update
21:12:46 T:1508510344   DEBUG: CActiveAE::DiscardStream - audio stream deleted
21:12:46 T:1508510344   DEBUG: CActiveAE::ClearDiscardedBuffers - buffer pool deleted
21:12:46 T:1555895448   DEBUG: virtual void CApplication::OnPlayBackStopped() : play state was 2, starting 0
21:12:46 T:1555895448   DEBUG: CAnnouncementManager - Announcement: OnStop from xbmc
21:12:46 T:1555895448   DEBUG: GOT ANNOUNCEMENT, type: 1, from xbmc, message OnStop
21:12:46 T:1555895448   DEBUG: CAnnouncementManager - Announcement: OnVolumeChanged from xbmc
21:12:46 T:1555895448   DEBUG: GOT ANNOUNCEMENT, type: 64, from xbmc, message OnVolumeChanged
21:12:46 T:1555895448   DEBUG: AIRPLAY: sending event: stopped
21:12:46 T:1558045376   DEBUG: AIRTUNES: AirPlay not running - stopping player
21:12:46 T:1555895448   DEBUG: Thread PAPlayer 1555895448 terminating
21:12:46 T:1508510344   DEBUG: CActiveAE::ClearDiscardedBuffers - buffer pool deleted
21:12:46 T:1506940664   DEBUG: FreeVisualisation() started
21:12:46 T:1506940664    INFO: ADDON: Dll Stopped - OpenGL Spectrum
21:12:46 T:1506940664    INFO: ADDON: Dll Destroyed - OpenGL Spectrum
21:12:46 T:1506940664   DEBUG: FreeVisualisation() done
21:12:46 T:1508510344   DEBUG: CActiveAE::ClearDiscardedBuffers - buffer pool deleted
21:12:47 T:1558958376   DEBUG: Previous line repeats 1 times.
21:12:47 T:1558958376   DEBUG: virtual bool CSaveFileStateJob::DoWork() - Saving file state for audio item pipe://3/
21:13:02 T:1555218960  NOTICE: Thread Timer start, auto delete: false
21:13:02 T:1555218960   DEBUG: Thread Timer 1555218960 terminating
21:13:17 T:1558958376   DEBUG: Thread JobWorker 1558958376 terminating (autodelete)
21:13:25 T:1558958376  NOTICE: Thread Timer start, auto delete: false
21:13:26 T:1558958376   DEBUG: Thread Timer 1558958376 terminating
21:13:34 T:1556831888  NOTICE: Thread Timer start, auto delete: false
21:13:34 T:1556831888   DEBUG: Thread Timer 1556831888 terminating
21:13:36 T:1558958376  NOTICE: Thread Timer start, auto delete: false
21:13:36 T:1558958376   DEBUG: Thread Timer 1558958376 terminating
21:13:48 T:1560464136  NOTICE: Thread Timer start, auto delete: false
21:13:48 T:1560464136   DEBUG: Thread Timer 1560464136 terminating
21:14:23 T:1557980184  NOTICE: Thread Timer start, auto delete: false
21:14:23 T:1557980184   DEBUG: Thread Timer 1557980184 terminating
21:14:26 T:1557980184  NOTICE: Thread Timer start, auto delete: false
21:14:26 T:1557980184   DEBUG: Thread Timer 1557980184 terminating
21:14:26 T:1553537176  NOTICE: Thread Timer start, auto delete: false
21:14:26 T:1553537176   DEBUG: Thread Timer 1553537176 terminating
21:14:34 T:1553537176  NOTICE: Thread Timer start, auto delete: false
21:14:34 T:1553537176   DEBUG: Thread Timer 1553537176 terminating
21:15:23 T:1559006800  NOTICE: Thread Timer start, auto delete: false
21:15:23 T:1559006800   DEBUG: Thread Timer 1559006800 terminating
21:15:30 T:1559006800  NOTICE: Thread Timer start, auto delete: false
21:15:30 T:1559006800   DEBUG: Thread Timer 1559006800 terminating
21:15:44 T:1560182224   DEBUG: UPnP Translated id to 'virtualpath://upnproot/'
21:15:44 T:1560182224    INFO: UPnP: Received Browse DirectChildren request for object '0', with sort criteria
21:15:44 T:1560182224   DEBUG: Building UPnP response with filter '*', starting @ 0 with 999 requested
21:15:44 T:1560182224   DEBUG: Preparing upnp object for item 'musicdb://'
21:15:44 T:1560182224   DEBUG: UPnP: Building didl for object 'musicdb://'
21:15:44 T:1560182224   DEBUG: Preparing upnp object for item 'library://video/'
21:15:44 T:1560182224   DEBUG: UPnP: Building didl for object 'library://video/'
21:15:44 T:1560182224   DEBUG: Returning UPnP response with 2 items out of 2 total matches
21:15:44 T:1558827472   DEBUG: UPnP Translated id to 'virtualpath://upnproot/'
21:15:44 T:1558827472    INFO: UPnP: Received Browse DirectChildren request for object '0', with sort criteria
21:15:44 T:1558827472   DEBUG: Building UPnP response with filter '*', starting @ 0 with 999 requested
21:15:44 T:1558827472   DEBUG: Preparing upnp object for item 'musicdb://'
21:15:44 T:1558827472   DEBUG: UPnP: Building didl for object 'musicdb://'
21:15:44 T:1558827472   DEBUG: Preparing upnp object for item 'library://video/'
21:15:44 T:1558827472   DEBUG: UPnP: Building didl for object 'library://video/'
21:15:44 T:1558827472   DEBUG: Returning UPnP response with 2 items out of 2 total matches
21:15:44 T:1558827472   DEBUG: UPnP Translated id to 'musicdb://'
21:15:44 T:1558827472    INFO: UPnP: Received Browse DirectChildren request for object 'musicdb://', with sort criteria
21:15:44 T:1560182224   DEBUG: UPnP Translated id to 'library://video/'
21:15:44 T:1560182224    INFO: UPnP: Received Browse DirectChildren request for object 'library://video/', with sort criteria
21:15:44 T:1558827472   DEBUG: Album format left  = [%B]
21:15:44 T:1558827472   DEBUG: Album format right = [%A]
21:15:44 T:1560182224   DEBUG: Building UPnP response with filter '*', starting @ 0 with 999 requested
21:15:44 T:1558827472   DEBUG: Previous line repeats 1 times.
21:15:44 T:1558827472   DEBUG: Preparing upnp object for item 'musicdb://genres/'
21:15:44 T:1558827472   DEBUG: UPnP: Building didl for object 'musicdb://genres/'
21:15:44 T:1558827472   DEBUG: Preparing upnp object for item 'musicdb://artists/'
21:15:44 T:1560182224   DEBUG: Preparing upnp object for item 'library://video/files.xml/'
21:15:44 T:1558827472   DEBUG: UPnP: Building didl for object 'musicdb://artists/'
21:15:44 T:1558827472   DEBUG: Preparing upnp object for item 'musicdb://albums/'
21:15:44 T:1560182224   DEBUG: UPnP: Building didl for object 'library://video/files.xml/'
21:15:44 T:1560182224 WARNING: static XFILE::IFile* XFILE::CFileFactory::CreateLoader(const CURL&) - unsupported protocol(library) in library://video/files.xml/poster.jpg
21:15:44 T:1560182224 WARNING: static XFILE::IFile* XFILE::CFileFactory::CreateLoader(const CURL&) - unsupported protocol(library) in library://video/files.xml/poster.png
21:15:44 T:1560182224 WARNING: static XFILE::IFile* XFILE::CFileFactory::CreateLoader(const CURL&) - unsupported protocol(library) in library://video/files.xml/banner.jpg
21:15:44 T:1560182224 WARNING: static XFILE::IFile* XFILE::CFileFactory::CreateLoader(const CURL&) - unsupported protocol(library) in library://video/files.xml/banner.png
21:15:44 T:1560182224 WARNING: static XFILE::IFile* XFILE::CFileFactory::CreateLoader(const CURL&) - unsupported protocol(library) in library://video/files.xml/thumb.jpg
21:15:44 T:1560182224 WARNING: static XFILE::IFile* XFILE::CFileFactory::CreateLoader(const CURL&) - unsupported protocol(library) in library://video/files.xml/thumb.png
21:15:44 T:1558827472   DEBUG: UPnP: Building didl for object 'musicdb://albums/'
21:15:44 T:1560182224 WARNING: static XFILE::IFile* XFILE::CFileFactory::CreateLoader(const CURL&) - unsupported protocol(library) in library://video/files.xml/movie.tbn
21:15:44 T:1560182224 WARNING: static XFILE::IFile* XFILE::CFileFactory::CreateLoader(const CURL&) - unsupported protocol(library) in library://video/files.xml/folder.jpg
21:15:44 T:1560182224 WARNING: static XFILE::IFile* XFILE::CFileFactory::CreateLoader(const CURL&) - unsupported protocol(library) in library://video/files.xml/fanart.jpg
21:15:44 T:1560182224 WARNING: static XFILE::IFile* XFILE::CFileFactory::CreateLoader(const CURL&) - unsupported protocol(library) in library://video/files.xml/fanart.png
21:15:44 T:1560182224   DEBUG: Preparing upnp object for item 'library://video/playlists.xml/'
21:15:44 T:1558827472   DEBUG: Preparing upnp object for item 'musicdb://songs/'
21:15:44 T:1560182224   DEBUG: UPnP: Building didl for object 'library://video/playlists.xml/'
21:15:44 T:1558827472   DEBUG: UPnP: Building didl for object 'musicdb://songs/'
21:15:44 T:1558827472   DEBUG: Preparing upnp object for item 'musicdb://years/'
21:15:44 T:1558827472   DEBUG: UPnP: Building didl for object 'musicdb://years/'
21:15:44 T:1558827472   DEBUG: Preparing upnp object for item 'musicdb://top100/'
21:15:44 T:1560182224   DEBUG: Returning UPnP response with 2 items out of 2 total matches
21:15:44 T:1558827472   DEBUG: UPnP: Building didl for object 'musicdb://top100/'
21:15:44 T:1558827472   DEBUG: Preparing upnp object for item 'musicdb://recentlyaddedalbums/'
21:15:44 T:1558827472   DEBUG: UPnP: Building didl for object 'musicdb://recentlyaddedalbums/'
21:15:44 T:1558827472   DEBUG: Preparing upnp object for item 'musicdb://recentlyplayedalbums/'
21:15:44 T:1560182224   DEBUG: UPnP Translated id to 'library://video/files.xml/'
21:15:44 T:1560182224    INFO: UPnP: Received Browse DirectChildren request for object 'library://video/files.xml/', with sort criteria
21:15:44 T:1560182224   DEBUG: Building UPnP response with filter '*', starting @ 0 with 999 requested
21:15:44 T:1560182224   DEBUG: Returning UPnP response with 0 items out of 0 total matches
21:15:44 T:1558827472   DEBUG: UPnP: Building didl for object 'musicdb://recentlyplayedalbums/'
21:15:44 T:1558827472   DEBUG: Preparing upnp object for item 'special://musicplaylists/'
21:15:44 T:1558827472   DEBUG: UPnP: Building didl for object 'special://musicplaylists/'
21:15:44 T:1558827472   DEBUG: Returning UPnP response with 9 items out of 9 total matches
21:15:44 T:1558827472   DEBUG: UPnP Translated id to 'musicdb://artists/'
21:15:44 T:1558827472    INFO: UPnP: Received Browse DirectChildren request for object 'musicdb://artists/', with sort criteria
21:15:44 T:1560182224   DEBUG: UPnP Translated id to 'musicdb://albums/'
21:15:44 T:1560182224    INFO: UPnP: Received Browse DirectChildren request for object 'musicdb://albums/', with sort criteria
21:15:44 T:1560182224   DEBUG: bool CMusicDatabase::GetAlbumsByWhere(const CStdString&, const CDatabase::Filter&, CFileItemList&, const SortDescription&, bool) query: SELECT albumview.* FROM albumview  WHERE albumview.strAlbum <> ''
21:15:44 T:1558827472   DEBUG: bool CMusicDatabase::GetArtistsByWhere(const CStdString&, const CDatabase::Filter&, CFileItemList&, const SortDescription&, bool) query: SELECT artistview.* FROM artistview  WHERE (artistview.idArtist IN (SELECT song_artist.idArtist FROM song_artist) OR artistview.idArtist IN (SELECT album_artist.idArtist FROM album_artist)) and artistview.strArtist != '' and artistview.strArtist <> 'Various artists'
21:15:44 T:1560182224   DEBUG: bool CMusicDatabase::GetAlbumsByWhere(const CStdString&, const CDatabase::Filter&, CFileItemList&, const SortDescription&, bool) - query took 1 ms
21:15:44 T:1555729424   DEBUG: UPnP Translated id to 'musicdb://songs/'
21:15:44 T:1555729424    INFO: UPnP: Received Browse DirectChildren request for object 'musicdb://songs/', with sort criteria
21:15:44 T:1560462032   DEBUG: UPnP Translated id to 'special://musicplaylists/'
21:15:44 T:1560462032    INFO: UPnP: Received Browse DirectChildren request for object 'special://musicplaylists/', with sort criteria
21:15:44 T:1560182224   DEBUG: Album format left  = [%B]
21:15:44 T:1560462032   DEBUG: CMultiPathDirectory::GetDirectory(multipath://special%3a%2f%2fprofile%2fplaylists%2fmusic/special%3a%2f%2fprofile%2fplaylists%2fmixed/)
21:15:44 T:1560462032   DEBUG: Getting Directory (special://profile/playlists/music)
21:15:44 T:1558827472   DEBUG: Time to retrieve artists from dataset = 15
21:15:44 T:1560182224   DEBUG: Album format right = [%A]
21:15:44 T:1560462032   DEBUG: Getting Directory (special://profile/playlists/mixed)
21:15:44 T:1558827472   DEBUG: Album format left  = [%B]
21:15:44 T:1558827472   DEBUG: Album format right = [%A]
21:15:44 T:1560462032   DEBUG: CMultiPathDirectory::MergeItems, items = 0
21:15:44 T:1558827472   DEBUG: Building UPnP response with filter '*', starting @ 0 with 999 requested
21:15:44 T:1560462032   DEBUG: Previous line repeats 2 times.
21:15:44 T:1560462032   DEBUG: Returning UPnP response with 0 items out of 0 total matches
21:15:44 T:1555729424   DEBUG: Previous line repeats 1 times.
21:15:44 T:1555729424   DEBUG: bool CMusicDatabase::GetSongsByWhere(const CStdString&, const CDatabase::Filter&, CFileItemList&, const SortDescription&) query = SELECT songview.* FROM songview
21:15:44 T:1555729424   DEBUG: Album format left  = [%B]
21:15:44 T:1555729424   DEBUG: Album format right = [%A]
21:15:44 T:1555729424   DEBUG: Building UPnP response with filter '*', starting @ 0 with 999 requested
21:15:44 T:1560182224   DEBUG: Returning UPnP response with 0 items out of 0 total matches
21:16:02 T:1557983120   DEBUG: Previous line repeats 1 times.
21:16:02 T:1557983120  NOTICE: Thread Timer start, auto delete: false
21:16:02 T:1557983120   DEBUG: Thread Timer 1557983120 terminating
21:16:06 T:1555729424  NOTICE: Thread Timer start, auto delete: false
21:16:06 T:1555729424   DEBUG: Thread Timer 1555729424 terminating
21:16:13 T:1551291928  NOTICE: Thread Timer start, auto delete: false
21:16:13 T:1551291928   DEBUG: Thread Timer 1551291928 terminating
21:16:43 T:1555895640  NOTICE: Thread Timer start, auto delete: false
21:16:43 T:1555895640   DEBUG: Thread Timer 1555895640 terminating
21:16:51 T:1555895640  NOTICE: Thread Timer start, auto delete: false
21:16:52 T:1555895640   DEBUG: Thread Timer 1555895640 terminating
21:16:57 T:1560182224  NOTICE: Thread Timer start, auto delete: false
21:16:57 T:1560182224   DEBUG: Thread Timer 1560182224 terminating
21:17:05 T:1558958376  NOTICE: Thread Timer start, auto delete: false
21:17:05 T:1558958376   DEBUG: Thread Timer 1558958376 terminating
21:17:32 T:1506940664   DEBUG: Unfocus WindowID: 10000, ControlID: 90122
21:17:35 T:1506940664   DEBUG: bool CApplication::ProcessMouse(): trying mouse action leftclick
21:17:35 T:1506940664   DEBUG: Activating window ID: 10004
21:17:35 T:1506940664   DEBUG: ------ Window Deinit (Home.xml) ------
21:17:35 T:1506940664   DEBUG: ------ Window Init (Settings.xml) ------
21:17:35 T:1506940664    INFO: Loading skin file: Settings.xml, load type: KEEP_IN_MEMORY
21:17:35 T:1506940664   DEBUG: Load Settings.xml: 38.53ms
21:17:36 T:1506940664   DEBUG: Alloc resources: 40.29ms  (39.55 ms skin load)
21:17:36 T:1506940664   DEBUG: Unfocus WindowID: 10004, ControlID: 9000
21:17:36 T:1560173272  NOTICE: Thread JobWorker start, auto delete: true
21:17:36 T:1560173272   DEBUG: virtual bool CImageLoader::DoWork() - took 111 ms to load special://skin/backgrounds/settings.jpg
21:17:37 T:1506940664   DEBUG: bool CApplication::ProcessMouse(): trying mouse action leftclick
21:17:37 T:1506940664   DEBUG: Activating window ID: 10018
21:17:38 T:1506940664   DEBUG: ------ Window Deinit (Settings.xml) ------
21:17:38 T:1506940664   DEBUG: ------ Window Init (SettingsCategory.xml) ------
21:17:38 T:1506940664    INFO: Loading skin file: SettingsCategory.xml, load type: KEEP_IN_MEMORY
21:17:38 T:1506940664   DEBUG: Load SettingsCategory.xml: 40.23ms
21:17:38 T:1506940664   DEBUG: Alloc resources: 45.39ms  (40.88 ms skin load)
21:17:38 T:1506940664   DEBUG: Unfocus WindowID: 10018, ControlID: -100
21:18:06 T:1560173272   DEBUG: Thread JobWorker 1560173272 terminating (autodelete)
21:20:47 T:1506940664   DEBUG: CAnnouncementManager - Announcement: OnScreensaverActivated from xbmc
21:20:47 T:1506940664   DEBUG: GOT ANNOUNCEMENT, type: 4, from xbmc, message OnScreensaverActivated
21:20:47 T:1506940664   DEBUG: ------ Window Init () ------
21:20:47 T:1506940664   DEBUG: Alloc resources: 0.02ms  (0.02 ms skin load)
21:27:06 T:1558958376  NOTICE: Thread Timer start, auto delete: false
21:27:06 T:1506940664   DEBUG: CAnnouncementManager - Announcement: OnScreensaverDeactivated from xbmc
21:27:06 T:1506940664   DEBUG: GOT ANNOUNCEMENT, type: 4, from xbmc, message OnScreensaverDeactivated
21:27:06 T:1558958376   DEBUG: Thread Timer 1558958376 terminating
21:27:07 T:1506940664   DEBUG: ------ Window Deinit () ------
21:27:10 T:1559174856  NOTICE: Thread Timer start, auto delete: false
21:27:10 T:1559174856   DEBUG: Thread Timer 1559174856 terminating
21:27:15 T:1561655944  NOTICE: Thread Timer start, auto delete: false
21:27:15 T:1561655944   DEBUG: Thread Timer 1561655944 terminating
21:27:20 T:1561655944  NOTICE: Thread Timer start, auto delete: false
21:27:20 T:1561655944   DEBUG: Thread Timer 1561655944 terminating
21:27:34 T:1555895640  NOTICE: Thread Timer start, auto delete: false
21:27:34 T:1555895640   DEBUG: Thread Timer 1555895640 terminating
21:27:43 T:1555218960  NOTICE: Thread Timer start, auto delete: false
21:27:43 T:1555218960   DEBUG: Thread Timer 1555218960 terminating
21:27:45 T:1555895640  NOTICE: Thread Timer start, auto delete: false
21:27:45 T:1555895640   DEBUG: Thread Timer 1555895640 terminating
21:27:46 T:1555895640  NOTICE: Thread Timer start, auto delete: false
21:27:46 T:1555895640   DEBUG: Thread Timer 1555895640 terminating
21:27:53 T:1555218960  NOTICE: Thread Timer start, auto delete: false
21:27:53 T:1555218960   DEBUG: Thread Timer 1555218960 terminating
21:27:53 T:1555218960  NOTICE: Thread Timer start, auto delete: false
21:27:53 T:1555218960   DEBUG: Thread Timer 1555218960 terminating
21:27:54 T:1557981776  NOTICE: Thread Timer start, auto delete: false
21:27:54 T:1557981776   DEBUG: Thread Timer 1557981776 terminating
21:28:02 T:1561585864  NOTICE: Thread Timer start, auto delete: false
21:28:02 T:1561585864   DEBUG: Thread Timer 1561585864 terminating
21:28:31 T:1558958376  NOTICE: Thread Timer start, auto delete: false
21:28:31 T:1558958376   DEBUG: Thread Timer 1558958376 terminating
21:29:22 T:1555229408  NOTICE: Thread Timer start, auto delete: false
21:29:23 T:1555229408   DEBUG: Thread Timer 1555229408 terminating
21:29:23 T:1555229408  NOTICE: Thread Timer start, auto delete: false
21:29:23 T:1555229408   DEBUG: Thread Timer 1555229408 terminating
21:29:24 T:1555229408  NOTICE: Thread Timer start, auto delete: false
21:29:24 T:1555229408   DEBUG: Thread Timer 1555229408 terminating
21:29:56 T:1555229408  NOTICE: Thread Timer start, auto delete: false
21:29:56 T:1555229408   DEBUG: Thread Timer 1555229408 terminating
21:30:09 T:1560661488  NOTICE: Thread Timer start, auto delete: false
21:30:09 T:1560661488   DEBUG: Thread Timer 1560661488 terminating
21:32:09 T:1559269560  NOTICE: Thread Timer start, auto delete: false
21:32:09 T:1559269560   DEBUG: Thread Timer 1559269560 terminating
21:32:20 T:1561585864  NOTICE: Thread Timer start, auto delete: false
21:32:20 T:1561585864   DEBUG: Thread Timer 1561585864 terminating
21:32:23 T:1561585864  NOTICE: Thread Timer start, auto delete: false
21:32:23 T:1561585864   DEBUG: Thread Timer 1561585864 terminating
21:32:26 T:1560661488  NOTICE: Thread Timer start, auto delete: false
21:32:26 T:1560661488   DEBUG: Thread Timer 1560661488 terminating
21:32:34 T:1560661488  NOTICE: Thread Timer start, auto delete: false
21:32:34 T:1560661488   DEBUG: Thread Timer 1560661488 terminating
21:32:36 T:1560661488  NOTICE: Thread Timer start, auto delete: false
21:32:36 T:1560661488   DEBUG: Thread Timer 1560661488 terminating
21:32:41 T:1559269560  NOTICE: Thread Timer start, auto delete: false
21:32:41 T:1559269560   DEBUG: Thread Timer 1559269560 terminating
21:32:51 T:1555895640  NOTICE: Thread Timer start, auto delete: false
21:32:51 T:1555895640   DEBUG: Thread Timer 1555895640 terminating
21:32:51 T:1555895640  NOTICE: Thread Timer start, auto delete: false
21:32:51 T:1555895640   DEBUG: Thread Timer 1555895640 terminating
21:33:07 T:1555229408  NOTICE: Thread Timer start, auto delete: false
21:33:07 T:1555229408   DEBUG: Thread Timer 1555229408 terminating
21:34:02 T:1560661488  NOTICE: Thread Timer start, auto delete: false
21:34:02 T:1560661488   DEBUG: Thread Timer 1560661488 terminating
21:34:08 T:1560661488  NOTICE: Thread Timer start, auto delete: false
21:34:08 T:1560661488   DEBUG: Thread Timer 1560661488 terminating
21:34:09 T:1560661488  NOTICE: Thread Timer start, auto delete: false
21:34:09 T:1560661488   DEBUG: Thread Timer 1560661488 terminating
21:34:35 T:1559269560  NOTICE: Thread Timer start, auto delete: false
21:34:35 T:1559269560   DEBUG: Thread Timer 1559269560 terminating
21:34:41 T:1557982624  NOTICE: Thread Timer start, auto delete: false
21:34:41 T:1557982624   DEBUG: Thread Timer 1557982624 terminating
21:34:41 T:1557982624  NOTICE: Thread Timer start, auto delete: false
21:34:41 T:1557982624   DEBUG: Thread Timer 1557982624 terminating
21:34:57 T:1559269560  NOTICE: Thread Timer start, auto delete: false
21:34:57 T:1559269560   DEBUG: Thread Timer 1559269560 terminating
21:35:07 T:1559269560  NOTICE: Thread Timer start, auto delete: false
21:35:07 T:1559269560   DEBUG: Thread Timer 1559269560 terminating
21:35:09 T:1560661488  NOTICE: Thread Timer start, auto delete: false
21:35:09 T:1560661488   DEBUG: Thread Timer 1560661488 terminating
21:35:44 T:1558958376  NOTICE: Thread Timer start, auto delete: false
21:35:44 T:1558958376   DEBUG: Thread Timer 1558958376 terminating
21:35:53 T:1558958376  NOTICE: Thread Timer start, auto delete: false
21:35:54 T:1558958376   DEBUG: Thread Timer 1558958376 terminating
21:35:55 T:1558958376  NOTICE: Thread Timer start, auto delete: false
21:35:55 T:1558958376   DEBUG: Thread Timer 1558958376 terminating
21:35:56 T:1558958376  NOTICE: Thread Timer start, auto delete: false
21:35:56 T:1558958376   DEBUG: Thread Timer 1558958376 terminating
21:36:05 T:1555229408  NOTICE: Thread Timer start, auto delete: false
21:36:06 T:1555229408   DEBUG: Thread Timer 1555229408 terminating
21:36:31 T:1558958376  NOTICE: Thread Timer start, auto delete: false
21:36:31 T:1558958376   DEBUG: Thread Timer 1558958376 terminating
21:36:50 T:1558958376  NOTICE: Thread Timer start, auto delete: false
21:36:50 T:1558958376   DEBUG: Thread Timer 1558958376 terminating
21:36:58 T:1559269560  NOTICE: Thread Timer start, auto delete: false
21:36:58 T:1559269560   DEBUG: Thread Timer 1559269560 terminating
21:37:16 T:1555895640  NOTICE: Thread Timer start, auto delete: false
21:37:16 T:1555895640   DEBUG: Thread Timer 1555895640 terminating
21:37:18 T:1553576424  NOTICE: Thread Timer start, auto delete: false
21:37:18 T:1553576424   DEBUG: Thread Timer 1553576424 terminating
21:37:48 T:1559269560  NOTICE: Thread Timer start, auto delete: false
21:37:48 T:1559269560   DEBUG: Thread Timer 1559269560 terminating
21:38:38 T:1560661488  NOTICE: Thread Timer start, auto delete: false
21:38:38 T:1560661488   DEBUG: Thread Timer 1560661488 terminating
21:39:20 T:1558958376  NOTICE: Thread Timer start, auto delete: false
21:39:20 T:1558958376   DEBUG: Thread Timer 1558958376 terminating
21:39:21 T:1558958376  NOTICE: Thread Timer start, auto delete: false
21:39:21 T:1558958376   DEBUG: Thread Timer 1558958376 terminating
21:39:35 T:1558958376  NOTICE: Thread Timer start, auto delete: false
21:39:35 T:1558958376   DEBUG: Thread Timer 1558958376 terminating
21:39:45 T:1558958376  NOTICE: Thread Timer start, auto delete: false
21:39:45 T:1558958376   DEBUG: Thread Timer 1558958376 terminating
21:40:44 T:1553576424  NOTICE: Thread Timer start, auto delete: false
21:40:44 T:1553576424   DEBUG: Thread Timer 1553576424 terminating
21:40:45 T:1559269560  NOTICE: Thread Timer start, auto delete: false
21:40:45 T:1559269560   DEBUG: Thread Timer 1559269560 terminating
21:40:56 T:1558958376  NOTICE: Thread Timer start, auto delete: false
21:40:56 T:1558958376   DEBUG: Thread Timer 1558958376 terminating
21:41:03 T:1555816160  NOTICE: Thread Timer start, auto delete: false
21:41:03 T:1555816160   DEBUG: Thread Timer 1555816160 terminating
21:41:07 T:1558958376  NOTICE: Thread Timer start, auto delete: false
21:41:07 T:1558958376   DEBUG: Thread Timer 1558958376 terminating
21:41:08 T:1555816160  NOTICE: Thread Timer start, auto delete: false
21:41:08 T:1555816160   DEBUG: Thread Timer 1555816160 terminating
21:41:26 T:1553576424  NOTICE: Thread Timer start, auto delete: false
21:41:26 T:1553576424   DEBUG: Thread Timer 1553576424 terminating
21:41:54 T:1553576424  NOTICE: Thread Timer start, auto delete: false
21:41:54 T:1553576424   DEBUG: Thread Timer 1553576424 terminating
21:41:58 T:1559184776  NOTICE: Thread Timer start, auto delete: false
21:41:58 T:1559184776   DEBUG: Thread Timer 1559184776 terminating
21:41:58 T:1559184776  NOTICE: Thread Timer start, auto delete: false
21:41:59 T:1559184776   DEBUG: Thread Timer 1559184776 terminating
21:42:03 T:1553576424  NOTICE: Thread Timer start, auto delete: false
21:42:03 T:1553576424   DEBUG: Thread Timer 1553576424 terminating
21:42:20 T:1553576424  NOTICE: Thread Timer start, auto delete: false
21:42:20 T:1553576424   DEBUG: Thread Timer 1553576424 terminating
21:42:21 T:1553576424  NOTICE: Thread Timer start, auto delete: false
21:42:21 T:1553576424   DEBUG: Thread Timer 1553576424 terminating
21:42:26 T:1559184776  NOTICE: Thread Timer start, auto delete: false
21:42:28 T:1559184776   DEBUG: Thread Timer 1559184776 terminating
21:42:32 T:1559184776  NOTICE: Thread Timer start, auto delete: false
21:42:32 T:1559184776   DEBUG: Thread Timer 1559184776 terminating
