20:38:06 T:1559595936   DEBUG: Returning UPnP response with 0 items out of 0 total matches
20:38:06 T:1551200656   DEBUG: UPnP Translated id to 'library://video/playlists.xml/'
20:38:06 T:1551200656    INFO: UPnP: Received Browse DirectChildren request for object 'library://video/playlists.xml/', with sort criteria
20:38:06 T:1551200656   DEBUG: CMultiPathDirectory::GetDirectory(multipath://special%3a%2f%2fprofile%2fplaylists%2fvideo/special%3a%2f%2fprofile%2fplaylists%2fmixed/)
20:38:06 T:1551200656   DEBUG: Getting Directory (special://profile/playlists/video)
20:38:06 T:1551200656   DEBUG: Getting Directory (special://profile/playlists/mixed)
20:38:06 T:1551200656   DEBUG: CMultiPathDirectory::MergeItems, items = 0
20:38:06 T:1551200656   DEBUG: Building UPnP response with filter 'res@resolution,res@nrAudioChannels,res@sampleFrequency,res@bitrate,dc:creator,res@dlna:cleartextSize,dc:date,upnp:genre,res,res@duration,res@size,upnp:albumArtURI,upnp:originalTrackNumber,upnp:album,upnp:artist,upnp:author', starting @ 0 with 100 requested
20:38:06 T:1551200656   DEBUG: Returning UPnP response with 0 items out of 0 total matches
20:38:06 T:1559595936   DEBUG: UPnP Translated id to 'musicdb://genres/1/'
20:38:06 T:1559595936    INFO: UPnP: Received Browse DirectChildren request for object 'musicdb://genres/1/', with sort criteria
20:38:06 T:1559595936   DEBUG: bool CMusicDatabase::GetArtistsByWhere(const CStdString&, const CDatabase::Filter&, CFileItemList&, const SortDescription&, bool) query: SELECT artistview.* FROM artistview  WHERE (artistview.idArtist IN (SELECT song_artist.idArtist FROM song_artist JOIN song_genre ON song_artist.idSong = song_genre.idSong WHERE song_genre.idGenre = 1) OR idArtist IN (SELECT album_artist.idArtist FROM album_artist JOIN album_genre ON album_artist.idAlbum = album_genre.idAlbum WHERE album_genre.idGenre = 1)) and artistview.strArtist != '' and artistview.strArtist <> 'Various artists'
20:38:06 T:1559595936   DEBUG: Time to retrieve artists from dataset = 4
20:38:06 T:1559595936   DEBUG: Album format left  = [%B]
20:38:06 T:1559595936   DEBUG: Album format right = [%A]
20:38:06 T:1559595936   DEBUG: Building UPnP response with filter 'res@resolution,res@nrAudioChannels,res@sampleFrequency,res@bitrate,dc:creator,res@dlna:cleartextSize,dc:date,upnp:genre,res,res@duration,res@size,upnp:albumArtURI,upnp:originalTrackNumber,upnp:album,upnp:artist,upnp:author', starting @ 0 with 100 requested
20:38:06 T:1559595936   DEBUG: Returning UPnP response with 0 items out of 0 total matches
20:38:06 T:1551200656   DEBUG: UPnP Translated id to 'musicdb://top100/songs/'
20:38:06 T:1551200656    INFO: UPnP: Received Browse DirectChildren request for object 'musicdb://top100/songs/', with sort criteria
20:38:06 T:1551200656   DEBUG: bool CMusicDatabase::GetTop100(const CStdString&, CFileItemList&) query: select * from songview where iTimesPlayed>0 order by iTimesPlayed desc limit 100
20:38:06 T:1551200656   DEBUG: Album format left  = [%B]
20:38:06 T:1551200656   DEBUG: Album format right = [%A]
20:38:06 T:1551200656   DEBUG: Building UPnP response with filter 'res@resolution,res@nrAudioChannels,res@sampleFrequency,res@bitrate,dc:creator,res@dlna:cleartextSize,dc:date,upnp:genre,res,res@duration,res@size,upnp:albumArtURI,upnp:originalTrackNumber,upnp:album,upnp:artist,upnp:author', starting @ 0 with 100 requested
20:38:06 T:1551200656   DEBUG: Returning UPnP response with 0 items out of 0 total matches
20:38:06 T:1559595936   DEBUG: UPnP Translated id to 'musicdb://top100/albums/'
20:38:06 T:1559595936    INFO: UPnP: Received Browse DirectChildren request for object 'musicdb://top100/albums/', with sort criteria
20:38:06 T:1559595936   DEBUG: bool CMusicDatabase::GetTop100Albums(VECALBUMS&) query: select albumview.* from albumview where albumview.iTimesPlayed>0 and albumview.strAlbum != '' order by albumview.iTimesPlayed desc limit 100
20:38:07 T:1559595936   DEBUG: Album format left  = [%B]
20:38:07 T:1559595936   DEBUG: Album format right = [%A]
20:38:07 T:1559595936   DEBUG: Building UPnP response with filter 'res@resolution,res@nrAudioChannels,res@sampleFrequency,res@bitrate,dc:creator,res@dlna:cleartextSize,dc:date,upnp:genre,res,res@duration,res@size,upnp:albumArtURI,upnp:originalTrackNumber,upnp:album,upnp:artist,upnp:author', starting @ 0 with 100 requested
20:38:07 T:1559595936   DEBUG: Returning UPnP response with 0 items out of 0 total matches
20:38:13 T:1506940664    INFO: Python, unloading python shared library because no scripts are running anymore
20:38:13 T:1506940664   DEBUG: void XBPython::UnloadExtensionLibs(), clearing python extension libraries
20:38:17 T:1559690760  NOTICE: Thread Timer start, auto delete: false
20:38:17 T:1559690760   DEBUG: Thread Timer 1559690760 terminating
20:38:31 T:1506940664   DEBUG: SECTION:UnloadDelayed(DLL: libImageLib-arm.so)
20:38:31 T:1506940664   DEBUG: Unloading: /libImageLib-arm.so
20:38:33 T:1559174856   DEBUG: Thread JobWorker 1559174856 terminating (autodelete)
20:38:33 T:1558759528   DEBUG: Thread JobWorker 1558759528 terminating (autodelete)
20:38:33 T:1556835120  NOTICE: Thread LanguageInvoker start, auto delete: false
20:38:33 T:1556835120    INFO: initializing python engine.
20:38:33 T:1558043816   DEBUG: Thread JobWorker 1558043816 terminating (autodelete)
20:38:33 T:1556835120   DEBUG: CPythonInvoker(1, /data/data/org.xbmc.xbmc/cache/apk/assets/addons/service.xbmc.versioncheck/service.py): start processing
20:38:33 T:1556835120  NOTICE: -->Python Interpreter Initialized<--
20:38:33 T:1556835120   DEBUG: CPythonInvoker(1, /data/data/org.xbmc.xbmc/cache/apk/assets/addons/service.xbmc.versioncheck/service.py): the source file to load is "/data/data/org.xbmc.xbmc/cache/apk/assets/addons/service.xbmc.versioncheck/service.py"
20:38:33 T:1556835120   DEBUG: CPythonInvoker(1, /data/data/org.xbmc.xbmc/cache/apk/assets/addons/service.xbmc.versioncheck/service.py): setting the Python path to /data/data/org.xbmc.xbmc/cache/apk/assets/addons/service.xbmc.versioncheck:/data/data/org.xbmc.xbmc/cache/apk/assets/addons/script.module.pil/lib:/:/data/app/org.xbmc.xbmc-2.apk/assets/python2.6/lib/python26.zip:/data/app/org.xbmc.xbmc-2.apk/assets/python2.6/lib/python2.6:/data/app/org.xbmc.xbmc-2.apk/assets/python2.6/lib/python2.6/plat-linux3:/data/app/org.xbmc.xbmc-2.apk/assets/python2.6/lib/python2.6/lib-tk:/data/app/org.xbmc.xbmc-2.apk/assets/python2.6/lib/python2.6/lib-old:/data/app/org.xbmc.xbmc-2.apk/assets/python2.6/lib/python2.6/lib-dynload
20:38:33 T:1556835120   DEBUG: CPythonInvoker(1, /data/data/org.xbmc.xbmc/cache/apk/assets/addons/service.xbmc.versioncheck/service.py): entering source directory /data/data/org.xbmc.xbmc/cache/apk/assets/addons/service.xbmc.versioncheck
20:38:33 T:1556835120   DEBUG: CPythonInvoker(1, /data/data/org.xbmc.xbmc/cache/apk/assets/addons/service.xbmc.versioncheck/service.py): instantiating addon using automatically obtained id of "service.xbmc.versioncheck" dependent on version 2.1.0 of the xbmc.python api
20:38:33 T:1556835120   DEBUG: XBMC Version Check: Version 0.1.21 started
20:38:33 T:1556835120   DEBUG: XBMC Version Check: Version installed {u'major': 14, u'tag': u'prealpha', u'minor': 0, u'revision': u'2014-08-01-62d01f6-dirty'}
20:38:33 T:1556835120    INFO: CPythonInvoker(1, /data/data/org.xbmc.xbmc/cache/apk/assets/addons/service.xbmc.versioncheck/service.py): script successfully run
20:38:33 T:1556835120    INFO: Python script stopped
20:38:33 T:1556835120   DEBUG: Thread LanguageInvoker 1556835120 terminating
20:38:33 T:1506940664    INFO: void XCURL::DllLibCurlGlobal::CheckIdle() - Closing session to http://feeds.xbmc.org (easy=0x5ce0dd60, multi=0x5cdd8240)
20:38:34 T:1561593664  NOTICE: Thread Timer start, auto delete: false
20:38:34 T:1561593664   DEBUG: Thread Timer 1561593664 terminating
20:38:38 T:1561593664  NOTICE: Thread Timer start, auto delete: false
20:38:38 T:1561593664   DEBUG: Thread Timer 1561593664 terminating
20:38:43 T:1506940664    INFO: Python, unloading python shared library because no scripts are running anymore
20:38:43 T:1506940664   DEBUG: void XBPython::UnloadExtensionLibs(), clearing python extension libraries
20:39:01 T:1552929712  NOTICE: Thread Timer start, auto delete: false
20:39:01 T:1552929712   DEBUG: Thread Timer 1552929712 terminating
20:39:51 T:1508791792  NOTICE: Thread Timer start, auto delete: false
20:39:51 T:1508791792   DEBUG: Thread Timer 1508791792 terminating
20:40:04 T:1560199592  NOTICE: Thread Timer start, auto delete: false
20:40:04 T:1560199592   DEBUG: Thread Timer 1560199592 terminating
20:40:08 T:1560199592  NOTICE: Thread Timer start, auto delete: false
20:40:08 T:1560199592   DEBUG: Thread Timer 1560199592 terminating
20:40:11 T:1555163512  NOTICE: Thread Timer start, auto delete: false
20:40:11 T:1555163512   DEBUG: Thread Timer 1555163512 terminating
20:40:20 T:1560199592  NOTICE: Thread Timer start, auto delete: false
20:40:20 T:1560199592   DEBUG: Thread Timer 1560199592 terminating
20:40:35 T:1555163512  NOTICE: Thread Timer start, auto delete: false
20:40:35 T:1555163512   DEBUG: Thread Timer 1555163512 terminating
20:40:47 T:1559868704  NOTICE: Thread Timer start, auto delete: false
20:40:47 T:1559868704   DEBUG: Thread Timer 1559868704 terminating
20:40:48 T:1559868704  NOTICE: Thread Timer start, auto delete: false
20:40:48 T:1559868704   DEBUG: Thread Timer 1559868704 terminating
20:40:54 T:1560199592  NOTICE: Thread Timer start, auto delete: false
20:40:54 T:1560199592   DEBUG: Thread Timer 1560199592 terminating
20:40:55 T:1560199592  NOTICE: Thread Timer start, auto delete: false
20:40:55 T:1560199592   DEBUG: Thread Timer 1560199592 terminating
20:41:01 T:1559868704  NOTICE: Thread Timer start, auto delete: false
20:41:01 T:1559868704   DEBUG: Thread Timer 1559868704 terminating
20:41:03 T:1560199592  NOTICE: Thread Timer start, auto delete: false
20:41:04 T:1560199592   DEBUG: Thread Timer 1560199592 terminating
20:41:34 T:1560105824  NOTICE: Thread Timer start, auto delete: false
20:41:34 T:1560105824   DEBUG: Thread Timer 1560105824 terminating
20:41:51 T:1555163512  NOTICE: Thread Timer start, auto delete: false
20:41:51 T:1555163512   DEBUG: Thread Timer 1555163512 terminating
20:42:04 T:1559061536  NOTICE: Thread Timer start, auto delete: false
20:42:04 T:1559061536   DEBUG: Thread Timer 1559061536 terminating
20:42:16 T:1553566400  NOTICE: Thread Timer start, auto delete: false
20:42:16 T:1553566400   DEBUG: Thread Timer 1553566400 terminating
20:42:25 T:1553501488   DEBUG: CPlayerCoreConfig::<ctor>: created player XBMC (localhost) for core 5
20:42:40 T:1558087736  NOTICE: Thread Timer start, auto delete: false
20:42:40 T:1558087736   DEBUG: Thread Timer 1558087736 terminating
20:42:45 T:1555905032  NOTICE: Thread Timer start, auto delete: false
20:42:45 T:1555905032   DEBUG: Thread Timer 1555905032 terminating
20:42:46 T:1555905032  NOTICE: Thread Timer start, auto delete: false
20:42:46 T:1555905032   DEBUG: Thread Timer 1555905032 terminating
20:42:46 T:1555905032  NOTICE: Thread Timer start, auto delete: false
20:42:46 T:1555905032   DEBUG: Thread Timer 1555905032 terminating
20:43:00 T:1555905032  NOTICE: Thread Timer start, auto delete: false
20:43:00 T:1555905032   DEBUG: Thread Timer 1555905032 terminating
20:43:20 T:1560105824  NOTICE: Thread Timer start, auto delete: false
20:43:20 T:1560105824   DEBUG: Thread Timer 1560105824 terminating
20:43:24 T:1555904864  NOTICE: Thread Timer start, auto delete: false
20:43:24 T:1555904864   DEBUG: Thread Timer 1555904864 terminating
20:44:37 T:1555895640  NOTICE: Thread Timer start, auto delete: false
20:44:37 T:1555895640   DEBUG: Thread Timer 1555895640 terminating
20:44:40 T:1555895640  NOTICE: Thread Timer start, auto delete: false
20:44:40 T:1555895640   DEBUG: Thread Timer 1555895640 terminating
20:44:43 T:1553534208  NOTICE: Thread Timer start, auto delete: false
20:44:43 T:1553534208   DEBUG: Thread Timer 1553534208 terminating
20:44:44 T:1553534208  NOTICE: Thread Timer start, auto delete: false
20:44:44 T:1553534208   DEBUG: Thread Timer 1553534208 terminating
20:44:49 T:1553534208  NOTICE: Thread Timer start, auto delete: false
20:44:49 T:1553534208   DEBUG: Thread Timer 1553534208 terminating
20:45:26 T:1560105824  NOTICE: Thread Timer start, auto delete: false
20:45:26 T:1560105824   DEBUG: Thread Timer 1560105824 terminating
20:45:42 T:1555895640  NOTICE: Thread Timer start, auto delete: false
20:45:42 T:1555895640   DEBUG: Thread Timer 1555895640 terminating
20:45:47 T:1560105824  NOTICE: Thread Timer start, auto delete: false
20:45:47 T:1560105824   DEBUG: Thread Timer 1560105824 terminating
20:45:50 T:1560105824  NOTICE: Thread Timer start, auto delete: false
20:45:50 T:1560105824   DEBUG: Thread Timer 1560105824 terminating
20:45:54 T:1555904480  NOTICE: Thread Timer start, auto delete: false
20:45:54 T:1555904480   DEBUG: Thread Timer 1555904480 terminating
20:46:16 T:1553501488  NOTICE: Thread Timer start, auto delete: false
20:46:16 T:1553501488   DEBUG: Thread Timer 1553501488 terminating
20:46:17 T:1553501488  NOTICE: Thread Timer start, auto delete: false
20:46:17 T:1553501488   DEBUG: Thread Timer 1553501488 terminating
20:46:32 T:1560105824  NOTICE: Thread Timer start, auto delete: false
20:46:32 T:1560105824   DEBUG: Thread Timer 1560105824 terminating
20:46:51 T:1560182224  NOTICE: Thread Timer start, auto delete: false
20:46:51 T:1560182224   DEBUG: Thread Timer 1560182224 terminating
20:47:08 T:1560105824  NOTICE: Thread Timer start, auto delete: false
20:47:08 T:1560105824   DEBUG: Thread Timer 1560105824 terminating
20:47:20 T:1555762256  NOTICE: Thread Timer start, auto delete: false
20:47:20 T:1555762256   DEBUG: Thread Timer 1555762256 terminating
20:47:33 T:1555904480  NOTICE: Thread Timer start, auto delete: false
20:47:33 T:1555904480   DEBUG: Thread Timer 1555904480 terminating
20:47:49 T:1559667536  NOTICE: Thread Timer start, auto delete: false
20:47:49 T:1559667536   DEBUG: Thread Timer 1559667536 terminating
20:48:08 T:1560105824  NOTICE: Thread Timer start, auto delete: false
20:48:08 T:1560105824   DEBUG: Thread Timer 1560105824 terminating
20:49:09 T:1553546000  NOTICE: Thread Timer start, auto delete: false
20:49:09 T:1553546000   DEBUG: Thread Timer 1553546000 terminating
20:49:21 T:1553501488  NOTICE: Thread Timer start, auto delete: false
20:49:21 T:1553501488   DEBUG: Thread Timer 1553501488 terminating
20:49:22 T:1553501488  NOTICE: Thread Timer start, auto delete: false
20:49:22 T:1553501488   DEBUG: Thread Timer 1553501488 terminating
20:49:33 T:1557980568  NOTICE: Thread Timer start, auto delete: false
20:49:33 T:1557980568   DEBUG: Thread Timer 1557980568 terminating
20:49:38 T:1553546000  NOTICE: Thread Timer start, auto delete: false
20:49:38 T:1553546000   DEBUG: Thread Timer 1553546000 terminating
20:49:41 T:1560105824  NOTICE: Thread Timer start, auto delete: false
20:49:41 T:1560105824   DEBUG: Thread Timer 1560105824 terminating
20:49:54 T:1560105824  NOTICE: Thread Timer start, auto delete: false
20:49:54 T:1560105824   DEBUG: Thread Timer 1560105824 terminating
20:50:11 T:1553501488  NOTICE: Thread Timer start, auto delete: false
20:50:11 T:1553501488   DEBUG: Thread Timer 1553501488 terminating
20:50:35 T:1553546000  NOTICE: Thread Timer start, auto delete: false
20:50:35 T:1553546000   DEBUG: Thread Timer 1553546000 terminating
20:50:39 T:1559868704  NOTICE: Thread Timer start, auto delete: false
20:50:39 T:1559868704   DEBUG: Thread Timer 1559868704 terminating
20:50:45 T:1559868704  NOTICE: Thread Timer start, auto delete: false
20:50:45 T:1559868704   DEBUG: Thread Timer 1559868704 terminating
20:51:13 T:1560105824  NOTICE: Thread Timer start, auto delete: false
20:51:13 T:1560105824   DEBUG: Thread Timer 1560105824 terminating
20:51:19 T:1557980568  NOTICE: Thread Timer start, auto delete: false
20:51:19 T:1557980568   DEBUG: Thread Timer 1557980568 terminating
20:51:48 T:1553546000  NOTICE: Thread Timer start, auto delete: false
20:51:48 T:1553546000   DEBUG: Thread Timer 1553546000 terminating
20:52:58 T:1557980568  NOTICE: Thread Timer start, auto delete: false
20:52:58 T:1557980568   DEBUG: Thread Timer 1557980568 terminating
20:53:01 T:1557980568  NOTICE: Thread Timer start, auto delete: false
20:53:01 T:1557980568   DEBUG: Thread Timer 1557980568 terminating
20:53:05 T:1553546000  NOTICE: Thread Timer start, auto delete: false
20:53:06 T:1553546000   DEBUG: Thread Timer 1553546000 terminating
20:53:08 T:1557980568  NOTICE: Thread Timer start, auto delete: false
20:53:08 T:1557980568   DEBUG: Thread Timer 1557980568 terminating
20:53:15 T:1557980568  NOTICE: Thread Timer start, auto delete: false
20:53:15 T:1557980568   DEBUG: Thread Timer 1557980568 terminating
20:53:28 T:1551291928  NOTICE: Thread Timer start, auto delete: false
20:53:28 T:1551291928   DEBUG: Thread Timer 1551291928 terminating
20:53:32 T:1553501488  NOTICE: Thread Timer start, auto delete: false
20:53:32 T:1553501488   DEBUG: Thread Timer 1553501488 terminating
20:53:44 T:1553501488  NOTICE: Thread Timer start, auto delete: false
20:53:45 T:1553501488   DEBUG: Thread Timer 1553501488 terminating
20:54:19 T:1553566400  NOTICE: Thread Timer start, auto delete: false
20:54:19 T:1553566400   DEBUG: Thread Timer 1553566400 terminating
20:54:21 T:1555762256  NOTICE: Thread Timer start, auto delete: false
20:54:21 T:1555762256   DEBUG: Thread Timer 1555762256 terminating
20:55:26 T:1553566400  NOTICE: Thread Timer start, auto delete: false
20:55:26 T:1553566400   DEBUG: Thread Timer 1553566400 terminating
20:55:26 T:1553566400  NOTICE: Thread Timer start, auto delete: false
20:55:26 T:1553566400   DEBUG: Thread Timer 1553566400 terminating
20:55:26 T:1553566400  NOTICE: Thread Timer start, auto delete: false
20:55:26 T:1553566400   DEBUG: Thread Timer 1553566400 terminating
20:55:39 T:1553537176  NOTICE: Thread Timer start, auto delete: false
20:55:39 T:1553537176   DEBUG: Thread Timer 1553537176 terminating
20:55:52 T:1559868704  NOTICE: Thread Timer start, auto delete: false
20:55:52 T:1559868704   DEBUG: Thread Timer 1559868704 terminating
20:55:53 T:1553537176  NOTICE: Thread Timer start, auto delete: false
20:55:54 T:1553537176   DEBUG: Thread Timer 1553537176 terminating
20:56:01 T:1560199592  NOTICE: Thread Timer start, auto delete: false
20:56:01 T:1560199592   DEBUG: Thread Timer 1560199592 terminating
20:56:26 T:1560199592  NOTICE: Thread Timer start, auto delete: false
20:56:26 T:1560199592   DEBUG: Thread Timer 1560199592 terminating
20:56:41 T:1553537176  NOTICE: Thread Timer start, auto delete: false
20:56:41 T:1553537176   DEBUG: Thread Timer 1553537176 terminating
20:57:36 T:1559868704  NOTICE: Thread Timer start, auto delete: false
20:57:36 T:1559868704   DEBUG: Thread Timer 1559868704 terminating
20:57:39 T:1555762256  NOTICE: Thread Timer start, auto delete: false
20:57:40 T:1555762256   DEBUG: Thread Timer 1555762256 terminating
20:57:43 T:1560199592  NOTICE: Thread Timer start, auto delete: false
20:57:43 T:1560199592   DEBUG: Thread Timer 1560199592 terminating
20:57:56 T:1560199592  NOTICE: Thread Timer start, auto delete: false
20:57:56 T:1560199592   DEBUG: Thread Timer 1560199592 terminating
20:58:36 T:1553501488  NOTICE: Thread Timer start, auto delete: false
20:58:36 T:1553501488   DEBUG: Thread Timer 1553501488 terminating
20:58:37 T:1560199592  NOTICE: Thread Timer start, auto delete: false
20:58:38 T:1560199592   DEBUG: Thread Timer 1560199592 terminating
20:59:10 T:1559868704  NOTICE: Thread Timer start, auto delete: false
20:59:10 T:1559868704   DEBUG: Thread Timer 1559868704 terminating
20:59:23 T:1555904864  NOTICE: Thread Timer start, auto delete: false
20:59:23 T:1555904864   DEBUG: Thread Timer 1555904864 terminating
20:59:38 T:1555762256  NOTICE: Thread Timer start, auto delete: false
20:59:38 T:1555762256   DEBUG: Thread Timer 1555762256 terminating
20:59:48 T:1553546000  NOTICE: Thread Timer start, auto delete: false
20:59:49 T:1553546000   DEBUG: Thread Timer 1553546000 terminating
21:00:10 T:1555904864  NOTICE: Thread Timer start, auto delete: false
21:00:10 T:1555904864   DEBUG: Thread Timer 1555904864 terminating
21:00:23 T:1553495656  NOTICE: Thread Timer start, auto delete: false
21:00:23 T:1553495656   DEBUG: Thread Timer 1553495656 terminating
21:00:47 T:1555762256  NOTICE: Thread Timer start, auto delete: false
21:00:47 T:1555762256   DEBUG: Thread Timer 1555762256 terminating
21:00:51 T:1555697144  NOTICE: Thread Timer start, auto delete: false
21:00:51 T:1555697144   DEBUG: Thread Timer 1555697144 terminating
21:00:56 T:1555904864  NOTICE: Thread Timer start, auto delete: false
21:00:56 T:1555904864   DEBUG: Thread Timer 1555904864 terminating
21:01:10 T:1555697144  NOTICE: Thread Timer start, auto delete: false
21:01:10 T:1555697144   DEBUG: Thread Timer 1555697144 terminating
21:01:15 T:1553501488  NOTICE: Thread Timer start, auto delete: false
21:01:15 T:1553501488   DEBUG: Thread Timer 1553501488 terminating
21:01:18 T:1560489912  NOTICE: Thread Timer start, auto delete: false
21:01:18 T:1560489912   DEBUG: Thread Timer 1560489912 terminating
21:01:22 T:1555697144  NOTICE: Thread Timer start, auto delete: false
21:01:22 T:1555697144   DEBUG: Thread Timer 1555697144 terminating
21:01:29 T:1553537176  NOTICE: Thread Timer start, auto delete: false
21:01:29 T:1553537176   DEBUG: Thread Timer 1553537176 terminating
21:01:32 T:1555697144  NOTICE: Thread Timer start, auto delete: false
21:01:32 T:1555697144   DEBUG: Thread Timer 1555697144 terminating
21:01:51 T:1553537176  NOTICE: Thread Timer start, auto delete: false
21:01:51 T:1553537176   DEBUG: Thread Timer 1553537176 terminating
21:01:53 T:1553537176  NOTICE: Thread Timer start, auto delete: false
21:01:53 T:1553537176   DEBUG: Thread Timer 1553537176 terminating
21:01:55 T:1555762256  NOTICE: Thread Timer start, auto delete: false
21:01:55 T:1555762256   DEBUG: Thread Timer 1555762256 terminating
21:02:02 T:1555697144  NOTICE: Thread Timer start, auto delete: false
21:02:02 T:1555697144   DEBUG: Thread Timer 1555697144 terminating
21:02:07 T:1555697144  NOTICE: Thread Timer start, auto delete: false
21:02:07 T:1555697144   DEBUG: Thread Timer 1555697144 terminating
21:02:23 T:1560489912  NOTICE: Thread Timer start, auto delete: false
21:02:23 T:1560489912   DEBUG: Thread Timer 1560489912 terminating
21:02:40 T:1560489912  NOTICE: Thread Timer start, auto delete: false
21:02:40 T:1560489912   DEBUG: Thread Timer 1560489912 terminating
21:02:43 T:1555697144  NOTICE: Thread Timer start, auto delete: false
21:02:43 T:1555697144   DEBUG: Thread Timer 1555697144 terminating
21:03:04 T:1553537176  NOTICE: Thread Timer start, auto delete: false
21:03:04 T:1553537176   DEBUG: Thread Timer 1553537176 terminating
21:03:05 T:1553537176  NOTICE: Thread Timer start, auto delete: false
21:03:05 T:1553537176   DEBUG: Thread Timer 1553537176 terminating
21:03:14 T:1553537176  NOTICE: Thread Timer start, auto delete: false
21:03:14 T:1553537176   DEBUG: Thread Timer 1553537176 terminating
21:03:16 T:1553537176  NOTICE: Thread Timer start, auto delete: false
21:03:16 T:1553537176   DEBUG: Thread Timer 1553537176 terminating
21:03:21 T:1555904864  NOTICE: Thread Timer start, auto delete: false
21:03:21 T:1555904864   DEBUG: Thread Timer 1555904864 terminating
21:03:58 T:1555762256  NOTICE: Thread Timer start, auto delete: false
21:03:58 T:1555762256   DEBUG: Thread Timer 1555762256 terminating
21:04:06 T:1553501488  NOTICE: Thread Timer start, auto delete: false
21:04:06 T:1553501488   DEBUG: Thread Timer 1553501488 terminating
21:04:21 T:1553501488   DEBUG: CAnnouncementManager - Announcement: OnVolumeChanged from xbmc
21:04:21 T:1553501488   DEBUG: GOT ANNOUNCEMENT, type: 64, from xbmc, message OnVolumeChanged
21:04:21 T:1506940664   DEBUG: Loading settings for pipe://1/
21:04:21 T:1506940664   DEBUG: CPlayerCoreFactory::GetPlayers(pipe://1/)
21:04:21 T:1506940664   DEBUG: CPlayerSelectionRule::GetPlayers: considering rule: system rules
21:04:21 T:1506940664   DEBUG: CPlayerSelectionRule::GetPlayers: matches rule: system rules
21:04:21 T:1506940664   DEBUG: CPlayerSelectionRule::GetPlayers: considering rule: rtv
21:04:21 T:1506940664   DEBUG: CPlayerSelectionRule::GetPlayers: considering rule: hdhomerun/myth/mms/udp
21:04:21 T:1506940664   DEBUG: CPlayerSelectionRule::GetPlayers: considering rule: lastfm/shout
21:04:21 T:1506940664   DEBUG: CPlayerSelectionRule::GetPlayers: considering rule: rtmp
21:04:21 T:1506940664   DEBUG: CPlayerSelectionRule::GetPlayers: considering rule: rtsp
21:04:21 T:1506940664   DEBUG: CPlayerSelectionRule::GetPlayers: considering rule: streams
21:04:21 T:1506940664   DEBUG: CPlayerSelectionRule::GetPlayers: considering rule: dvd
21:04:21 T:1506940664   DEBUG: CPlayerSelectionRule::GetPlayers: considering rule: dvdimage
21:04:21 T:1506940664   DEBUG: CPlayerSelectionRule::GetPlayers: considering rule: sdp/asf
21:04:21 T:1506940664   DEBUG: CPlayerSelectionRule::GetPlayers: considering rule: nsv
21:04:21 T:1506940664   DEBUG: CPlayerSelectionRule::GetPlayers: considering rule: radio
21:04:21 T:1506940664   DEBUG: CPlayerCoreFactory::GetPlayers: matched 0 rules with players
21:04:21 T:1506940664   DEBUG: CPlayerCoreFactory::GetPlayers: adding audiodefaultplayer (3)
21:04:21 T:1506940664   DEBUG: CPlayerCoreFactory::GetPlayers: for video=0, audio=1
21:04:21 T:1506940664   DEBUG: CPlayerCoreFactory::GetPlayers: adding player: PAPlayer (3)
21:04:21 T:1506940664   DEBUG: CPlayerCoreFactory::GetPlayers: for video=1, audio=1
21:04:21 T:1506940664   DEBUG: CPlayerCoreFactory::GetPlayers: adding player: DVDPlayer (1)
21:04:21 T:1506940664   DEBUG: CPlayerCoreFactory::GetPlayers: adding player: [TV][LG]55LA6200-UA (4)
21:04:21 T:1506940664   DEBUG: CPlayerCoreFactory::GetPlayers: adding player: XBMC (localhost) (5)
21:04:21 T:1506940664   DEBUG: CPlayerCoreFactory::GetPlayers: added 4 players
21:04:21 T:1506940664   DEBUG: FactoryCodec - Audio: passthrough - Opening
21:04:21 T:1506940664   DEBUG: FactoryCodec - Audio: passthrough - Failed
21:04:21 T:1506940664   DEBUG: FactoryCodec - Audio: FFmpeg - Opening
21:04:21 T:1506940664   DEBUG: FactoryCodec - Audio: FFmpeg - Opened
21:04:21 T:1506940664    INFO: CDVDAudioCodecFFmpeg::GetChannelMap - FFmpeg reported 2 channels, but the layout contains 0 ignoring
21:04:23 T:1506940664    INFO: AudioDecoder: File is queued
21:04:23 T:1506940664   DEBUG: AudioDecoder::GetReplayGain - Final Replaygain applied: 1.000000, Track/Album Gain 89.000000, Peak 0.000000
21:04:23 T:1508510344   DEBUG: CActiveAE::ClearDiscardedBuffers - buffer pool deleted
21:04:23 T:1506940664    INFO: PAPlayer::PrepareStream - Ready
21:04:23 T:1506940664   DEBUG: PlayBackRet CApplication::PlayFile(const CFileItem&, bool) : OpenFile succeed, play state 1
21:04:23 T:1506940664   DEBUG: ADDON: Dll Initializing - OpenGL Spectrum
21:04:23 T:1506940664   DEBUG: SECTION:LoadDLL(/data/data/org.xbmc.xbmc/lib/libvisopengl_spectrum.so)
21:04:23 T:1506940664   DEBUG: Loading: /data/data/org.xbmc.xbmc/lib/libvisopengl_spectrum.so
21:04:23 T:1558048344  NOTICE: Thread PAPlayer start, auto delete: false
21:04:23 T:1558048344   DEBUG: PAPlayer::Process - Playback started
21:04:23 T:1508512544    INFO: CActiveAESink::OpenSink - initialize sink
21:04:23 T:1508512544   DEBUG: CActiveAESink::OpenSink - trying to open device AUDIOTRACK:AudioTrack
21:04:23 T:1558048344   DEBUG: virtual void CApplication::OnPlayBackStarted() : play state was 1, starting 0
21:04:23 T:1508512544   DEBUG: CActiveAESink::OpenSink - AUDIOTRACK Initialized:
21:04:23 T:1508512544   DEBUG:   Output Device : android
21:04:23 T:1508512544   DEBUG:   Sample Rate   : 48000
21:04:23 T:1508512544   DEBUG:   Sample Format : AE_FMT_S16NE
21:04:23 T:1508512544   DEBUG:   Channel Count : 2
21:04:23 T:1508512544   DEBUG:   Channel Layout: FL,FR
21:04:23 T:1508512544   DEBUG:   Frames        : 2048
21:04:23 T:1508512544   DEBUG:   Frame Samples : 4096
21:04:23 T:1508512544   DEBUG:   Frame Size    : 4
21:04:23 T:1506940664   DEBUG: Calling TransferSettings for: OpenGL Spectrum
21:04:23 T:1506940664   DEBUG: Visualisation::Start()
21:04:23 T:1508510344   DEBUG: OnInitialize() started
21:04:23 T:1508510344   DEBUG: OnInitialize() done
21:04:23 T:1506940664   DEBUG: CGUIInfoManager::SetCurrentSong(pipe://1/)
21:04:23 T:1506940664   DEBUG: virtual bool CFileItem::LoadMusicTag(): loading tag information for file: pipe://1/
21:04:23 T:1506940664   DEBUG: Loading additional tag info for file pipe://1/
21:04:23 T:1506940664   DEBUG: CAnnouncementManager - Announcement: OnPlay from xbmc
21:04:23 T:1506940664   DEBUG: GOT ANNOUNCEMENT, type: 1, from xbmc, message OnPlay
21:04:23 T:1506940664   DEBUG: UPnP: Building didl for object 'pipe://1/'
21:04:23 T:1555229920  NOTICE: Thread JobWorker start, auto delete: true
21:04:23 T:1555229920   DEBUG: CRecentlyAddedJob::UpdateMusic() - Running RecentlyAdded home screen update
21:04:23 T:1555229920   DEBUG: GetRecentlyAddedAlbumSongs() query: SELECT songview.* FROM (SELECT idAlbum FROM albumview ORDER BY idAlbum DESC LIMIT 10) AS recentalbums JOIN songview ON songview.idAlbum=recentalbums.idAlbum
21:04:23 T:1555229920   DEBUG: bool CMusicDatabase::GetRecentlyAddedAlbums(VECALBUMS&, unsigned int) query: select * from albumview where strAlbum != '' order by idAlbum desc limit 10
21:04:23 T:1555229920   DEBUG: CRecentlyAddedJob::UpdateVideos() - Running RecentlyAdded home screen update
21:04:23 T:1555229920   DEBUG: int CVideoDatabase::RunQuery(const CStdString&) took 2 ms for 0 items query: select * from movieview  ORDER BY dateAdded desc, idMovie desc LIMIT 10
21:04:23 T:1555229920   DEBUG: int CVideoDatabase::RunQuery(const CStdString&) took 3 ms for 0 items query: select * from episodeview  ORDER BY dateAdded desc, idEpisode desc LIMIT 10
21:04:23 T:1555229920   DEBUG: int CVideoDatabase::RunQuery(const CStdString&) took 2 ms for 0 items query: select * from musicvideoview  ORDER BY dateAdded desc, idMVideo desc LIMIT 10
21:04:23 T:1555229920   DEBUG: CRecentlyAddedJob::UpdateTotal() - Running RecentlyAdded home screen update
21:04:28 T:1506940664   DEBUG: Keyboard: scancode: 0x18, sym: 0x002b, unicode: 0x0000, modifier: 0x0
21:04:28 T:1506940664   DEBUG: bool CApplication::OnKey(const CKey&): plus (0xf02b) pressed, action is VolumeUp
21:04:28 T:1506940664   DEBUG: CAnnouncementManager - Announcement: OnVolumeChanged from xbmc
21:04:28 T:1506940664   DEBUG: GOT ANNOUNCEMENT, type: 64, from xbmc, message OnVolumeChanged
21:04:28 T:1506940664   DEBUG: ------ Window Init (DialogVolumeBar.xml) ------
21:04:28 T:1506940664   DEBUG: Window DialogVolumeBar.xml was already loaded
21:04:28 T:1506940664   DEBUG: Alloc resources: 0.04m
21:04:28 T:1506940664   DEBUG: Keyboard: scancode: 0x18, sym: 0x002b, unicode: 0x0000, modifier: 0x0
21:04:28 T:1506940664   DEBUG: bool CApplication::OnKey(const CKey&): plus (0xf02b) pressed, action is VolumeUp
21:04:28 T:1506940664   DEBUG: CAnnouncementManager - Announcement: OnVolumeChanged from xbmc
21:04:28 T:1506940664   DEBUG: GOT ANNOUNCEMENT, type: 64, from xbmc, message OnVolumeChanged
21:04:28 T:1506940664   DEBUG: Keyboard: scancode: 0x18, sym: 0x002b, unicode: 0x0000, modifier: 0x0
21:04:28 T:1506940664   DEBUG: bool CApplication::OnKey(const CKey&): plus (0xf02b) pressed, action is VolumeUp
21:04:28 T:1506940664   DEBUG: CAnnouncementManager - Announcement: OnVolumeChanged from xbmc
21:04:28 T:1506940664   DEBUG: GOT ANNOUNCEMENT, type: 64, from xbmc, message OnVolumeChanged
21:04:28 T:1506940664   DEBUG: Keyboard: scancode: 0x18, sym: 0x002b, unicode: 0x0000, modifier: 0x0
21:04:28 T:1506940664   DEBUG: bool CApplication::OnKey(const CKey&): plus (0xf02b) pressed, action is VolumeUp
21:04:28 T:1506940664   DEBUG: CAnnouncementManager - Announcement: OnVolumeChanged from xbmc
21:04:28 T:1506940664   DEBUG: GOT ANNOUNCEMENT, type: 64, from xbmc, message OnVolumeChanged
21:04:28 T:1506940664   DEBUG: Keyboard: scancode: 0x18, sym: 0x002b, unicode: 0x0000, modifier: 0x0
21:04:28 T:1506940664   DEBUG: bool CApplication::OnKey(const CKey&): plus (0xf02b) pressed, action is VolumeUp
21:04:28 T:1506940664   DEBUG: CAnnouncementManager - Announcement: OnVolumeChanged from xbmc
21:04:28 T:1506940664   DEBUG: GOT ANNOUNCEMENT, type: 64, from xbmc, message OnVolumeChanged
21:04:28 T:1506940664   DEBUG: Keyboard: scancode: 0x18, sym: 0x002b, unicode: 0x0000, modifier: 0x0
21:04:28 T:1506940664   DEBUG: bool CApplication::OnKey(const CKey&): plus (0xf02b) pressed, action is VolumeUp
21:04:28 T:1506940664   DEBUG: CAnnouncementManager - Announcement: OnVolumeChanged from xbmc
21:04:28 T:1506940664   DEBUG: GOT ANNOUNCEMENT, type: 64, from xbmc, message OnVolumeChanged
21:04:28 T:1506940664   DEBUG: Keyboard: scancode: 0x18, sym: 0x002b, unicode: 0x0000, modifier: 0x0
21:04:28 T:1506940664   DEBUG: bool CApplication::OnKey(const CKey&): plus (0xf02b) pressed, action is VolumeUp
21:04:28 T:1506940664   DEBUG: CAnnouncementManager - Announcement: OnVolumeChanged from xbmc
21:04:28 T:1506940664   DEBUG: GOT ANNOUNCEMENT, type: 64, from xbmc, message OnVolumeChanged
21:04:28 T:1506940664   DEBUG: Keyboard: scancode: 0x18, sym: 0x002b, unicode: 0x0000, modifier: 0x0
21:04:28 T:1506940664   DEBUG: bool CApplication::OnKey(const CKey&): plus (0xf02b) pressed, action is VolumeUp
21:04:28 T:1506940664   DEBUG: CAnnouncementManager - Announcement: OnVolumeChanged from xbmc
21:04:28 T:1506940664   DEBUG: GOT ANNOUNCEMENT, type: 64, from xbmc, message OnVolumeChanged
21:04:30 T:1506940664   DEBUG: Keyboard: scancode: 0x19, sym: 0x002d, unicode: 0x0000, modifier: 0x0
21:04:30 T:1506940664   DEBUG: bool CApplication::OnKey(const CKey&): minus (0xf02d) pressed, action is VolumeDown
21:04:30 T:1506940664   DEBUG: CAnnouncementManager - Announcement: OnVolumeChanged from xbmc
21:04:30 T:1506940664   DEBUG: GOT ANNOUNCEMENT, type: 64, from xbmc, message OnVolumeChanged
21:04:30 T:1506940664   DEBUG: ------ Window Init (DialogVolumeBar.xml) ------
21:04:30 T:1506940664   DEBUG: Window DialogVolumeBar.xml was already loaded
21:04:30 T:1506940664   DEBUG: Alloc resources: 0.03m
21:04:31 T:1506940664   DEBUG: ------ Window Deinit (DialogVolumeBar.xml) ------
21:04:33 T:1553537176  NOTICE: Thread Timer start, auto delete: false
21:04:33 T:1553537176   DEBUG: Thread Timer 1553537176 terminating
21:04:34 T:1553501488   DEBUG: CAnnouncementManager - Announcement: OnVolumeChanged from xbmc
21:04:34 T:1553501488   DEBUG: GOT ANNOUNCEMENT, type: 64, from xbmc, message OnVolumeChanged
21:04:41 T:1553501488   DEBUG: CAnnouncementManager - Announcement: OnVolumeChanged from xbmc
21:04:41 T:1553501488   DEBUG: GOT ANNOUNCEMENT, type: 64, from xbmc, message OnVolumeChanged
21:04:41 T:1553501488   DEBUG: CAnnouncementManager - Announcement: OnVolumeChanged from xbmc
21:04:41 T:1553501488   DEBUG: GOT ANNOUNCEMENT, type: 64, from xbmc, message OnVolumeChanged
21:04:41 T:1553501488   DEBUG: CAnnouncementManager - Announcement: OnVolumeChanged from xbmc
21:04:41 T:1553501488   DEBUG: GOT ANNOUNCEMENT, type: 64, from xbmc, message OnVolumeChanged
21:04:42 T:1553501488   DEBUG: CAnnouncementManager - Announcement: OnVolumeChanged from xbmc
21:04:42 T:1553501488   DEBUG: GOT ANNOUNCEMENT, type: 64, from xbmc, message OnVolumeChanged
21:04:43 T:1553501488   DEBUG: CAnnouncementManager - Announcement: OnVolumeChanged from xbmc
21:04:43 T:1553501488   DEBUG: GOT ANNOUNCEMENT, type: 64, from xbmc, message OnVolumeChanged
21:04:43 T:1553501488   DEBUG: CAnnouncementManager - Announcement: OnVolumeChanged from xbmc
21:04:43 T:1553501488   DEBUG: GOT ANNOUNCEMENT, type: 64, from xbmc, message OnVolumeChanged
21:04:43 T:1553501488   DEBUG: CAnnouncementManager - Announcement: OnVolumeChanged from xbmc
21:04:43 T:1553501488   DEBUG: GOT ANNOUNCEMENT, type: 64, from xbmc, message OnVolumeChanged
21:04:44 T:1553501488   DEBUG: CAnnouncementManager - Announcement: OnVolumeChanged from xbmc
21:04:44 T:1553501488   DEBUG: GOT ANNOUNCEMENT, type: 64, from xbmc, message OnVolumeChanged
21:04:44 T:1553501488   DEBUG: CAnnouncementManager - Announcement: OnVolumeChanged from xbmc
21:04:44 T:1553501488   DEBUG: GOT ANNOUNCEMENT, type: 64, from xbmc, message OnVolumeChanged
21:04:45 T:1553501488   DEBUG: CAnnouncementManager - Announcement: OnVolumeChanged from xbmc
21:04:45 T:1553501488   DEBUG: GOT ANNOUNCEMENT, type: 64, from xbmc, message OnVolumeChanged
21:04:45 T:1553501488   DEBUG: CAnnouncementManager - Announcement: OnVolumeChanged from xbmc
21:04:45 T:1553501488   DEBUG: GOT ANNOUNCEMENT, type: 64, from xbmc, message OnVolumeChanged
21:04:46 T:1553501488   DEBUG: CAnnouncementManager - Announcement: OnVolumeChanged from xbmc
21:04:46 T:1553501488   DEBUG: GOT ANNOUNCEMENT, type: 64, from xbmc, message OnVolumeChanged
21:04:47 T:1553501488   DEBUG: CAnnouncementManager - Announcement: OnVolumeChanged from xbmc
21:04:47 T:1553501488   DEBUG: GOT ANNOUNCEMENT, type: 64, from xbmc, message OnVolumeChanged
21:04:53 T:1555229920   DEBUG: Thread JobWorker 1555229920 terminating (autodelete)
21:04:57 T:1508510344   DEBUG: CActiveAE::DiscardStream - audio stream deleted
21:04:57 T:1508510344   DEBUG: CActiveAE::ClearDiscardedBuffers - buffer pool deleted
21:04:57 T:1558048344   DEBUG: Previous line repeats 1 times.
21:04:57 T:1558048344   DEBUG: virtual void CApplication::OnPlayBackStopped() : play state was 2, starting 0
21:04:57 T:1558048344   DEBUG: CAnnouncementManager - Announcement: OnStop from xbmc
21:04:57 T:1558048344   DEBUG: GOT ANNOUNCEMENT, type: 1, from xbmc, message OnStop
21:04:57 T:1558048344   DEBUG: CAnnouncementManager - Announcement: OnVolumeChanged from xbmc
21:04:57 T:1558048344   DEBUG: GOT ANNOUNCEMENT, type: 64, from xbmc, message OnVolumeChanged
21:04:57 T:1558048344   DEBUG: Thread PAPlayer 1558048344 terminating
21:04:57 T:1553501488   DEBUG: AIRTUNES: AirPlay not running - stopping player
21:04:58 T:1506940664   DEBUG: FreeVisualisation() started
21:04:58 T:1506940664    INFO: ADDON: Dll Stopped - OpenGL Spectrum
21:04:58 T:1506940664    INFO: ADDON: Dll Destroyed - OpenGL Spectrum
21:04:58 T:1506940664   DEBUG: FreeVisualisation() done
21:04:58 T:1508510344   DEBUG: CActiveAE::ClearDiscardedBuffers - buffer pool deleted
21:04:58 T:1555729424   DEBUG: Previous line repeats 1 times.
21:04:58 T:1555729424  NOTICE: Thread JobWorker start, auto delete: true
21:04:58 T:1555729424   DEBUG: virtual bool CSaveFileStateJob::DoWork() - Saving file state for audio item pipe://1/
21:04:58 T:1555227112   DEBUG: CAnnouncementManager - Announcement: OnVolumeChanged from xbmc
21:04:58 T:1555227112   DEBUG: GOT ANNOUNCEMENT, type: 64, from xbmc, message OnVolumeChanged
21:04:58 T:1506940664   DEBUG: Loading settings for pipe://2/
21:04:58 T:1506940664   DEBUG: CPlayerCoreFactory::GetPlayers(pipe://2/)
21:04:58 T:1506940664   DEBUG: CPlayerSelectionRule::GetPlayers: considering rule: system rules
21:04:58 T:1506940664   DEBUG: CPlayerSelectionRule::GetPlayers: matches rule: system rules
21:04:58 T:1506940664   DEBUG: CPlayerSelectionRule::GetPlayers: considering rule: rtv
21:04:58 T:1506940664   DEBUG: CPlayerSelectionRule::GetPlayers: considering rule: hdhomerun/myth/mms/udp
21:04:58 T:1506940664   DEBUG: CPlayerSelectionRule::GetPlayers: considering rule: lastfm/shout
21:04:58 T:1506940664   DEBUG: CPlayerSelectionRule::GetPlayers: considering rule: rtmp
21:04:58 T:1506940664   DEBUG: CPlayerSelectionRule::GetPlayers: considering rule: rtsp
21:04:58 T:1506940664   DEBUG: CPlayerSelectionRule::GetPlayers: considering rule: streams
21:04:58 T:1506940664   DEBUG: CPlayerSelectionRule::GetPlayers: considering rule: dvd
21:04:58 T:1506940664   DEBUG: CPlayerSelectionRule::GetPlayers: considering rule: dvdimage
21:04:58 T:1506940664   DEBUG: CPlayerSelectionRule::GetPlayers: considering rule: sdp/asf
21:04:58 T:1506940664   DEBUG: CPlayerSelectionRule::GetPlayers: considering rule: nsv
21:04:58 T:1506940664   DEBUG: CPlayerSelectionRule::GetPlayers: considering rule: radio
21:04:58 T:1506940664   DEBUG: CPlayerCoreFactory::GetPlayers: matched 0 rules with players
21:04:58 T:1506940664   DEBUG: CPlayerCoreFactory::GetPlayers: adding audiodefaultplayer (3)
21:04:58 T:1506940664   DEBUG: CPlayerCoreFactory::GetPlayers: for video=0, audio=1
21:04:58 T:1506940664   DEBUG: CPlayerCoreFactory::GetPlayers: adding player: PAPlayer (3)
21:04:58 T:1506940664   DEBUG: CPlayerCoreFactory::GetPlayers: for video=1, audio=1
21:04:58 T:1506940664   DEBUG: CPlayerCoreFactory::GetPlayers: adding player: DVDPlayer (1)
21:04:58 T:1506940664   DEBUG: CPlayerCoreFactory::GetPlayers: adding player: [TV][LG]55LA6200-UA (4)
21:04:58 T:1506940664   DEBUG: CPlayerCoreFactory::GetPlayers: adding player: XBMC (localhost) (5)
21:04:58 T:1506940664   DEBUG: CPlayerCoreFactory::GetPlayers: added 4 players
21:04:58 T:1506940664   DEBUG: FactoryCodec - Audio: passthrough - Opening
21:04:58 T:1506940664   DEBUG: FactoryCodec - Audio: passthrough - Failed
21:04:58 T:1506940664   DEBUG: FactoryCodec - Audio: FFmpeg - Opening
21:04:58 T:1506940664   DEBUG: FactoryCodec - Audio: FFmpeg - Opened
21:04:58 T:1506940664    INFO: CDVDAudioCodecFFmpeg::GetChannelMap - FFmpeg reported 2 channels, but the layout contains 0 ignoring
21:04:59 T:1558958376  NOTICE: Thread Timer start, auto delete: false
21:04:59 T:1558958376   DEBUG: Thread Timer 1558958376 terminating
21:05:00 T:1555227112   DEBUG: CAnnouncementManager - Announcement: OnVolumeChanged from xbmc
21:05:00 T:1555227112   DEBUG: GOT ANNOUNCEMENT, type: 64, from xbmc, message OnVolumeChanged
21:05:00 T:1555227112   DEBUG: CAnnouncementManager - Announcement: OnVolumeChanged from xbmc
21:05:00 T:1555227112   DEBUG: GOT ANNOUNCEMENT, type: 64, from xbmc, message OnVolumeChanged
21:05:00 T:1506940664    INFO: AudioDecoder: File is queued
21:05:00 T:1506940664   DEBUG: AudioDecoder::GetReplayGain - Final Replaygain applied: 1.000000, Track/Album Gain 89.000000, Peak 0.000000
21:05:00 T:1508510344   DEBUG: CActiveAE::ClearDiscardedBuffers - buffer pool deleted
21:05:00 T:1506940664    INFO: PAPlayer::PrepareStream - Ready
21:05:00 T:1506940664   DEBUG: PlayBackRet CApplication::PlayFile(const CFileItem&, bool) : OpenFile succeed, play state 1
21:05:00 T:1506940664   DEBUG: ADDON: Dll Initializing - OpenGL Spectrum
21:05:00 T:1558958376  NOTICE: Thread PAPlayer start, auto delete: false
21:05:00 T:1558958376   DEBUG: PAPlayer::Process - Playback started
21:05:00 T:1558958376   DEBUG: virtual void CApplication::OnPlayBackStarted() : play state was 1, starting 0
21:05:00 T:1506940664   DEBUG: Calling TransferSettings for: OpenGL Spectrum
21:05:00 T:1506940664   DEBUG: Visualisation::Start()
21:05:00 T:1506940664   DEBUG: CGUIInfoManager::SetCurrentSong(pipe://2/)
21:05:01 T:1506940664   DEBUG: virtual bool CFileItem::LoadMusicTag(): loading tag information for file: pipe://2/
21:05:01 T:1508510344   DEBUG: OnInitialize() started
21:05:01 T:1508510344   DEBUG: OnInitialize() done
21:05:01 T:1506940664   DEBUG: Loading additional tag info for file pipe://2/
21:05:01 T:1506940664   DEBUG: CAnnouncementManager - Announcement: OnPlay from xbmc
21:05:01 T:1506940664   DEBUG: GOT ANNOUNCEMENT, type: 1, from xbmc, message OnPlay
21:05:01 T:1506940664   DEBUG: UPnP: Building didl for object 'pipe://2/'
21:05:01 T:1555729424   DEBUG: CRecentlyAddedJob::UpdateMusic() - Running RecentlyAdded home screen update
21:05:01 T:1555729424   DEBUG: GetRecentlyAddedAlbumSongs() query: SELECT songview.* FROM (SELECT idAlbum FROM albumview ORDER BY idAlbum DESC LIMIT 10) AS recentalbums JOIN songview ON songview.idAlbum=recentalbums.idAlbum
21:05:01 T:1555729424   DEBUG: bool CMusicDatabase::GetRecentlyAddedAlbums(VECALBUMS&, unsigned int) query: select * from albumview where strAlbum != '' order by idAlbum desc limit 10
21:05:01 T:1555729424   DEBUG: CRecentlyAddedJob::UpdateVideos() - Running RecentlyAdded home screen update
21:05:01 T:1555729424   DEBUG: int CVideoDatabase::RunQuery(const CStdString&) took 2 ms for 0 items query: select * from movieview  ORDER BY dateAdded desc, idMovie desc LIMIT 10
21:05:01 T:1555729424   DEBUG: int CVideoDatabase::RunQuery(const CStdString&) took 2 ms for 0 items query: select * from episodeview  ORDER BY dateAdded desc, idEpisode desc LIMIT 10
21:05:01 T:1555729424   DEBUG: int CVideoDatabase::RunQuery(const CStdString&) took 1 ms for 0 items query: select * from musicvideoview  ORDER BY dateAdded desc, idMVideo desc LIMIT 10
21:05:01 T:1555729424   DEBUG: CRecentlyAddedJob::UpdateTotal() - Running RecentlyAdded home screen update
21:05:14 T:1558719104  NOTICE: Thread Timer start, auto delete: false
21:05:14 T:1558719104   DEBUG: Thread Timer 1558719104 terminating
21:05:22 T:1559074952  NOTICE: Thread Timer start, auto delete: false
21:05:22 T:1559074952   DEBUG: Thread Timer 1559074952 terminating
21:05:23 T:1555227112   DEBUG: CAnnouncementManager - Announcement: OnVolumeChanged from xbmc
21:05:23 T:1555227112   DEBUG: GOT ANNOUNCEMENT, type: 64, from xbmc, message OnVolumeChanged
21:05:24 T:1555227112   DEBUG: CAnnouncementManager - Announcement: OnVolumeChanged from xbmc
21:05:24 T:1555227112   DEBUG: GOT ANNOUNCEMENT, type: 64, from xbmc, message OnVolumeChanged
21:05:24 T:1555227112   DEBUG: CAnnouncementManager - Announcement: OnVolumeChanged from xbmc
21:05:24 T:1555227112   DEBUG: GOT ANNOUNCEMENT, type: 64, from xbmc, message OnVolumeChanged
21:05:25 T:1555227112   DEBUG: CAnnouncementManager - Announcement: OnVolumeChanged from xbmc
21:05:25 T:1555227112   DEBUG: GOT ANNOUNCEMENT, type: 64, from xbmc, message OnVolumeChanged
21:05:31 T:1555729424   DEBUG: Thread JobWorker 1555729424 terminating (autodelete)
21:05:36 T:1558827472  NOTICE: Thread Timer start, auto delete: false
21:05:37 T:1558827472   DEBUG: Thread Timer 1558827472 terminating
21:05:50 T:1508510344   DEBUG: CActiveAE::DiscardStream - audio stream deleted
21:05:50 T:1508510344   DEBUG: CActiveAE::ClearDiscardedBuffers - buffer pool deleted
21:05:50 T:1558958376   DEBUG: Previous line repeats 1 times.
21:05:50 T:1558958376   DEBUG: virtual void CApplication::OnPlayBackStopped() : play state was 2, starting 0
21:05:50 T:1558958376   DEBUG: CAnnouncementManager - Announcement: OnStop from xbmc
21:05:50 T:1558958376   DEBUG: GOT ANNOUNCEMENT, type: 1, from xbmc, message OnStop
21:05:50 T:1558958376   DEBUG: CAnnouncementManager - Announcement: OnVolumeChanged from xbmc
21:05:50 T:1558958376   DEBUG: GOT ANNOUNCEMENT, type: 64, from xbmc, message OnVolumeChanged
21:05:50 T:1558958376   DEBUG: Thread PAPlayer 1558958376 terminating
21:05:50 T:1555227112   DEBUG: AIRTUNES: AirPlay not running - stopping player
21:05:50 T:1506940664   DEBUG: FreeVisualisation() started
21:05:50 T:1506940664    INFO: ADDON: Dll Stopped - OpenGL Spectrum
21:05:50 T:1506940664    INFO: ADDON: Dll Destroyed - OpenGL Spectrum
21:05:50 T:1506940664   DEBUG: FreeVisualisation() done
21:05:50 T:1508510344   DEBUG: CActiveAE::ClearDiscardedBuffers - buffer pool deleted
21:05:50 T:1553566400   DEBUG: Previous line repeats 1 times.
21:05:50 T:1553566400  NOTICE: Thread JobWorker start, auto delete: true
21:05:50 T:1553566400   DEBUG: virtual bool CSaveFileStateJob::DoWork() - Saving file state for audio item pipe://2/
21:06:20 T:1553566400   DEBUG: Thread JobWorker 1553566400 terminating (autodelete)
21:06:24 T:1553566400  NOTICE: Thread Timer start, auto delete: false
21:06:24 T:1553566400   DEBUG: Thread Timer 1553566400 terminating
21:06:43 T:1558769120  NOTICE: Thread Timer start, auto delete: false
21:06:43 T:1558769120   DEBUG: Thread Timer 1558769120 terminating
21:06:56 T:1555850424  NOTICE: Thread Timer start, auto delete: false
21:06:57 T:1555850424   DEBUG: Thread Timer 1555850424 terminating
21:07:14 T:1553576424  NOTICE: Thread Timer start, auto delete: false
21:07:14 T:1553576424   DEBUG: Thread Timer 1553576424 terminating
21:07:22 T:1558824744  NOTICE: Thread Timer start, auto delete: false
21:07:22 T:1558824744   DEBUG: Thread Timer 1558824744 terminating
21:07:35 T:1557985584  NOTICE: Thread Timer start, auto delete: false
21:07:36 T:1557985584   DEBUG: Thread Timer 1557985584 terminating
21:08:20 T:1551291928  NOTICE: Thread Timer start, auto delete: false
21:08:20 T:1551291928   DEBUG: Thread Timer 1551291928 terminating
21:08:21 T:1555773328  NOTICE: Thread Timer start, auto delete: false
21:08:21 T:1555773328   DEBUG: Thread Timer 1555773328 terminating
21:08:26 T:1560514032  NOTICE: Thread Timer start, auto delete: false
21:08:26 T:1560514032   DEBUG: Thread Timer 1560514032 terminating
21:08:51 T:1560182224  NOTICE: Thread Timer start, auto delete: false
21:08:51 T:1560182224   DEBUG: Thread Timer 1560182224 terminating
21:08:51 T:1560182224  NOTICE: Thread Timer start, auto delete: false
21:08:51 T:1560182224   DEBUG: Thread Timer 1560182224 terminating
21:08:56 T:1558824744  NOTICE: Thread Timer start, auto delete: false
21:08:56 T:1558824744   DEBUG: Thread Timer 1558824744 terminating
21:09:00 T:1506940664   DEBUG: Updating RSS
21:09:00 T:1555213824   DEBUG: Previous line repeats 2 times.
21:09:00 T:1555213824  NOTICE: Thread RSSReader start, auto delete: false
21:09:00 T:1555213824   DEBUG: CurlFile::Open(0x62e8ddb8) http://feeds.xbmc.org/xbmc
21:09:00 T:1555213824    INFO: void XCURL::DllLibCurlGlobal::easy_aquire(const char*, const char*, XCURL::CURL_HANDLE**, XCURL::CURLM**) - Created session to http://feeds.xbmc.org
21:09:00 T:1555213824   DEBUG: Got rss feed: http://feeds.xbmc.org/xbmc
21:09:00 T:1555213824   DEBUG: RSS feed encoding: UTF-8
21:09:00 T:1555213824   DEBUG: Parsed rss feed: http://feeds.xbmc.org/xbmc
21:09:00 T:1555213824   DEBUG: CurlFile::Open(0x62e8ddb8) http://feeds.xbmc.org/latest_xbmc_addons
21:09:00 T:1555213824   DEBUG: Got rss feed: http://feeds.xbmc.org/latest_xbmc_addons
21:09:00 T:1555213824   DEBUG: RSS feed encoding: UTF-8
